Archive member included to satisfy reference by file (symbol)

/Applications/MCUXpressoIDE_10.1.0_589/ide/tools/bin/../lib/gcc/arm-none-eabi/6.3.1/../../../../arm-none-eabi/lib/thumb/v7e-m/fpv4-sp/hard/libcr_semihost_nf.a(_cr__main.o)
                              ./startup/startup_mk64f12.o (__main)
/Applications/MCUXpressoIDE_10.1.0_589/ide/tools/bin/../lib/gcc/arm-none-eabi/6.3.1/../../../../arm-none-eabi/lib/thumb/v7e-m/fpv4-sp/hard/libcr_semihost_nf.a(_cr_assert.o)
                              ./utilities/fsl_debug_console.o (__assertion_failed)
/Applications/MCUXpressoIDE_10.1.0_589/ide/tools/bin/../lib/gcc/arm-none-eabi/6.3.1/../../../../arm-none-eabi/lib/thumb/v7e-m/fpv4-sp/hard/libcr_semihost_nf.a(__ciob.o)
                              /Applications/MCUXpressoIDE_10.1.0_589/ide/tools/bin/../lib/gcc/arm-none-eabi/6.3.1/../../../../arm-none-eabi/lib/thumb/v7e-m/fpv4-sp/hard/libcr_semihost_nf.a(_cr_assert.o) (__Ciob)
/Applications/MCUXpressoIDE_10.1.0_589/ide/tools/bin/../lib/gcc/arm-none-eabi/6.3.1/../../../../arm-none-eabi/lib/thumb/v7e-m/fpv4-sp/hard/libcr_semihost_nf.a(__sys_appexit.o)
                              /Applications/MCUXpressoIDE_10.1.0_589/ide/tools/bin/../lib/gcc/arm-none-eabi/6.3.1/../../../../arm-none-eabi/lib/thumb/v7e-m/fpv4-sp/hard/libcr_semihost_nf.a(_cr_assert.o) (__sys_appexit)
/Applications/MCUXpressoIDE_10.1.0_589/ide/tools/bin/../lib/gcc/arm-none-eabi/6.3.1/../../../../arm-none-eabi/lib/thumb/v7e-m/fpv4-sp/hard/libcr_c.a(memcpy.o)
                              ./drivers/fsl_flash.o (memcpy)
/Applications/MCUXpressoIDE_10.1.0_589/ide/tools/bin/../lib/gcc/arm-none-eabi/6.3.1/../../../../arm-none-eabi/lib/thumb/v7e-m/fpv4-sp/hard/libcr_c.a(memset.o)
                              ./drivers/fsl_flash.o (memset)
/Applications/MCUXpressoIDE_10.1.0_589/ide/tools/bin/../lib/gcc/arm-none-eabi/6.3.1/../../../../arm-none-eabi/lib/thumb/v7e-m/fpv4-sp/hard/libcr_c.a(_deferredlazyseek.o)
                              /Applications/MCUXpressoIDE_10.1.0_589/ide/tools/bin/../lib/gcc/arm-none-eabi/6.3.1/../../../../arm-none-eabi/lib/thumb/v7e-m/fpv4-sp/hard/libcr_semihost_nf.a(_cr_assert.o) (__flsbuf)
/Applications/MCUXpressoIDE_10.1.0_589/ide/tools/bin/../lib/gcc/arm-none-eabi/6.3.1/../../../../arm-none-eabi/lib/thumb/v7e-m/fpv4-sp/hard/libcr_c.a(_fflush.o)
                              /Applications/MCUXpressoIDE_10.1.0_589/ide/tools/bin/../lib/gcc/arm-none-eabi/6.3.1/../../../../arm-none-eabi/lib/thumb/v7e-m/fpv4-sp/hard/libcr_c.a(_deferredlazyseek.o) (_fflush)
/Applications/MCUXpressoIDE_10.1.0_589/ide/tools/bin/../lib/gcc/arm-none-eabi/6.3.1/../../../../arm-none-eabi/lib/thumb/v7e-m/fpv4-sp/hard/libcr_c.a(_writebuf.o)
                              /Applications/MCUXpressoIDE_10.1.0_589/ide/tools/bin/../lib/gcc/arm-none-eabi/6.3.1/../../../../arm-none-eabi/lib/thumb/v7e-m/fpv4-sp/hard/libcr_c.a(_deferredlazyseek.o) (_Cwritebuf)
/Applications/MCUXpressoIDE_10.1.0_589/ide/tools/bin/../lib/gcc/arm-none-eabi/6.3.1/../../../../arm-none-eabi/lib/thumb/v7e-m/fpv4-sp/hard/libcr_c.a(alloc.o)
                              /Applications/MCUXpressoIDE_10.1.0_589/ide/tools/bin/../lib/gcc/arm-none-eabi/6.3.1/../../../../arm-none-eabi/lib/thumb/v7e-m/fpv4-sp/hard/libcr_c.a(_deferredlazyseek.o) (_Csys_alloc)
/Applications/MCUXpressoIDE_10.1.0_589/ide/tools/bin/../lib/gcc/arm-none-eabi/6.3.1/../../../../arm-none-eabi/lib/thumb/v7e-m/fpv4-sp/hard/libcr_c.a(fputs.o)
                              /Applications/MCUXpressoIDE_10.1.0_589/ide/tools/bin/../lib/gcc/arm-none-eabi/6.3.1/../../../../arm-none-eabi/lib/thumb/v7e-m/fpv4-sp/hard/libcr_semihost_nf.a(_cr_assert.o) (fputs)
/Applications/MCUXpressoIDE_10.1.0_589/ide/tools/bin/../lib/gcc/arm-none-eabi/6.3.1/../../../../arm-none-eabi/lib/thumb/v7e-m/fpv4-sp/hard/libcr_c.a(fseek.o)
                              /Applications/MCUXpressoIDE_10.1.0_589/ide/tools/bin/../lib/gcc/arm-none-eabi/6.3.1/../../../../arm-none-eabi/lib/thumb/v7e-m/fpv4-sp/hard/libcr_c.a(_deferredlazyseek.o) (fseek)
/Applications/MCUXpressoIDE_10.1.0_589/ide/tools/bin/../lib/gcc/arm-none-eabi/6.3.1/../../../../arm-none-eabi/lib/thumb/v7e-m/fpv4-sp/hard/libcr_c.a(ftell.o)
                              /Applications/MCUXpressoIDE_10.1.0_589/ide/tools/bin/../lib/gcc/arm-none-eabi/6.3.1/../../../../arm-none-eabi/lib/thumb/v7e-m/fpv4-sp/hard/libcr_c.a(fseek.o) (ftell)
/Applications/MCUXpressoIDE_10.1.0_589/ide/tools/bin/../lib/gcc/arm-none-eabi/6.3.1/../../../../arm-none-eabi/lib/thumb/v7e-m/fpv4-sp/hard/libcr_c.a(initio.o)
                              /Applications/MCUXpressoIDE_10.1.0_589/ide/tools/bin/../lib/gcc/arm-none-eabi/6.3.1/../../../../arm-none-eabi/lib/thumb/v7e-m/fpv4-sp/hard/libcr_semihost_nf.a(_cr__main.o) (_initio)
/Applications/MCUXpressoIDE_10.1.0_589/ide/tools/bin/../lib/gcc/arm-none-eabi/6.3.1/../../../../arm-none-eabi/lib/thumb/v7e-m/fpv4-sp/hard/libcr_c.a(printf.o)
                              ./utilities/fsl_assert.o (_printf)
[...]
Memory Configuration

Name             Origin             Length             Attributes
PROGRAM_FLASH    0x0000000000000000 0x0000000000100000 xr
SRAM_UPPER       0x0000000020000000 0x0000000000030000 xrw
SRAM_LOWER       0x000000001fff0000 0x0000000000010000 xrw
FLEX_RAM         0x0000000014000000 0x0000000000001000 xrw
*default*        0x0000000000000000 0xffffffffffffffff

Linker script and memory map

LOAD ./utilities/fsl_assert.o
LOAD ./utilities/fsl_debug_console.o
LOAD ./utilities/fsl_io.o
LOAD ./utilities/fsl_log.o
LOAD ./utilities/fsl_str.o
LOAD ./startup/startup_mk64f12.o
LOAD ./source/semihost_hardfault.o
LOAD ./source/uart_interrupt.o
LOAD ./drivers/fsl_clock.o
LOAD ./drivers/fsl_common.o
LOAD ./drivers/fsl_flash.o
LOAD ./drivers/fsl_gpio.o
LOAD ./drivers/fsl_smc.o
LOAD ./drivers/fsl_uart.o
LOAD ./board/board.o
LOAD ./board/clock_config.o
LOAD ./board/pin_mux.o
LOAD ./CMSIS/system_MK64F12.o
START GROUP
LOAD /Applications/MCUXpressoIDE_10.1.0_589/ide/tools/bin/../lib/gcc/arm-none-eabi/6.3.1/../../../../arm-none-eabi/lib/thumb/v7e-m/fpv4-sp/hard/libcr_semihost_nf.a
LOAD /Applications/MCUXpressoIDE_10.1.0_589/ide/tools/bin/../lib/gcc/arm-none-eabi/6.3.1/../../../../arm-none-eabi/lib/thumb/v7e-m/fpv4-sp/hard/libcr_c.a
LOAD /Applications/MCUXpressoIDE_10.1.0_589/ide/tools/bin/../lib/gcc/arm-none-eabi/6.3.1/thumb/v7e-m/fpv4-sp/hard/libcr_eabihelpers.a
END GROUP
                0x0000000000000000                __base_PROGRAM_FLASH = 0x0
                0x0000000000000000                __base_Flash = 0x0
                0x0000000000100000                __top_PROGRAM_FLASH = 0x100000
                0x0000000000100000                __top_Flash = 0x100000
                0x0000000020000000                __base_SRAM_UPPER = 0x20000000
                0x0000000020000000                __base_RAM = 0x20000000
                0x0000000020030000                __top_SRAM_UPPER = 0x20030000
                0x0000000020030000                __top_RAM = 0x20030000
                0x000000001fff0000                __base_SRAM_LOWER = 0x1fff0000
                0x000000001fff0000                __base_RAM2 = 0x1fff0000
                0x0000000020000000                __top_SRAM_LOWER = 0x20000000
                0x0000000020000000                __top_RAM2 = 0x20000000
                0x0000000014000000                __base_FLEX_RAM = 0x14000000
                0x0000000014000000                __base_RAM3 = 0x14000000
                0x0000000014001000                __top_FLEX_RAM = 0x14001000
                0x0000000014001000                __top_RAM3 = 0x14001000

.text           0x0000000000000000     0x2a4c
 FILL mask 0xff
                0x0000000000000000                __vectors_start__ = ABSOLUTE (.)
 *(.isr_vector)
 .isr_vector    0x0000000000000000      0x198 ./startup/startup_mk64f12.o
                0x0000000000000000                __Vectors
                0x0000000000000000                g_pfnVectors
                0x0000000000000198                . = ALIGN (0x4)
                0x0000000000000198                __section_table_start = .
                0x0000000000000198                __data_section_table = .
                0x0000000000000198        0x4 LONG 0x2a4c LOADADDR (.data)
                0x000000000000019c        0x4 LONG 0x20000000 ADDR (.data)
                0x00000000000001a0        0x4 LONG 0x78 SIZEOF (.data)
                0x00000000000001a4        0x4 LONG 0x2a4c LOADADDR (.data_RAM2)
                0x00000000000001a8        0x4 LONG 0x1fff0000 ADDR (.data_RAM2)
                0x00000000000001ac        0x4 LONG 0x0 SIZEOF (.data_RAM2)
                0x00000000000001b0        0x4 LONG 0x2a4c LOADADDR (.data_RAM3)
                0x00000000000001b4        0x4 LONG 0x14000000 ADDR (.data_RAM3)
                0x00000000000001b8        0x4 LONG 0x0 SIZEOF (.data_RAM3)
                0x00000000000001bc                __data_section_table_end = .
                0x00000000000001bc                __bss_section_table = .
                0x00000000000001bc        0x4 LONG 0x20000078 ADDR (.bss)
                0x00000000000001c0        0x4 LONG 0xf8 SIZEOF (.bss)
                0x00000000000001c4        0x4 LONG 0x1fff0000 ADDR (.bss_RAM2)
                0x00000000000001c8        0x4 LONG 0x0 SIZEOF (.bss_RAM2)
                0x00000000000001cc        0x4 LONG 0x14000000 ADDR (.bss_RAM3)
                0x00000000000001d0        0x4 LONG 0x0 SIZEOF (.bss_RAM3)
                0x00000000000001d4                __bss_section_table_end = .
                0x00000000000001d4                __section_table_end = .
 *(.after_vectors*)
 .after_vectors.init_data
                0x00000000000001d4       0x1e ./startup/startup_mk64f12.o
                0x00000000000001d4                data_init
 .after_vectors.init_bss
                0x00000000000001f2       0x12 ./startup/startup_mk64f12.o
                0x00000000000001f2                bss_init
 .after_vectors.reset
                0x0000000000000204       0x4c ./startup/startup_mk64f12.o
                0x0000000000000204                ResetISR
 .after_vectors
                0x0000000000000250       0x14 ./startup/startup_mk64f12.o
                0x0000000000000250                NMI_Handler
                0x0000000000000254                MemManage_Handler
                0x0000000000000256                BusFault_Handler
                0x0000000000000258                UsageFault_Handler
                0x000000000000025a                SVC_Handler
                0x000000000000025c                DebugMon_Handler
                0x000000000000025e                PendSV_Handler
                0x0000000000000260                SysTick_Handler
                0x0000000000000262                FTM2_DriverIRQHandler
                0x0000000000000262                PIT2_DriverIRQHandler
                0x0000000000000262                SDHC_DriverIRQHandler
                0x0000000000000262                I2S0_Tx_DriverIRQHandler
                0x0000000000000262                RTC_Seconds_DriverIRQHandler
                0x0000000000000262                DMA6_DriverIRQHandler
                0x0000000000000262                LLWU_DriverIRQHandler
                0x0000000000000262                MCM_DriverIRQHandler
                0x0000000000000262                MCG_DriverIRQHandler
                0x0000000000000262                ENET_1588_Timer_DriverIRQHandler
                0x0000000000000262                I2C2_DriverIRQHandler
                0x0000000000000262                DAC1_DriverIRQHandler
                0x0000000000000262                CMP1_DriverIRQHandler
                0x0000000000000262                FTM0_DriverIRQHandler
                0x0000000000000262                IntDefaultHandler
                0x0000000000000262                USB0_DriverIRQHandler
                0x0000000000000262                UART5_ERR_DriverIRQHandler
                0x0000000000000262                PORTC_DriverIRQHandler
                0x0000000000000262                DMA11_DriverIRQHandler
                0x0000000000000262                DAC0_DriverIRQHandler
                0x0000000000000262                DMA10_DriverIRQHandler
                0x0000000000000262                CMP2_DriverIRQHandler
                0x0000000000000262                UART2_ERR_DriverIRQHandler
                0x0000000000000262                SPI2_DriverIRQHandler
                0x0000000000000262                LVD_LVW_DriverIRQHandler
                0x0000000000000262                PIT0_DriverIRQHandler
                0x0000000000000262                RNG_DriverIRQHandler
                0x0000000000000262                DMA5_DriverIRQHandler
                0x0000000000000262                DMA4_DriverIRQHandler
                0x0000000000000262                USBDCD_DriverIRQHandler
                0x0000000000000262                UART3_ERR_DriverIRQHandler
                0x0000000000000262                DMA3_DriverIRQHandler
                0x0000000000000262                DMA8_DriverIRQHandler
                0x0000000000000262                DMA9_DriverIRQHandler
                0x0000000000000262                UART0_ERR_DriverIRQHandler
                0x0000000000000262                CMT_DriverIRQHandler
                0x0000000000000262                Reserved71_DriverIRQHandler
                0x0000000000000262                ADC1_DriverIRQHandler
                0x0000000000000262                PORTA_DriverIRQHandler
                0x0000000000000262                DMA14_DriverIRQHandler
                0x0000000000000262                PIT3_DriverIRQHandler
                0x0000000000000262                PIT1_DriverIRQHandler
                0x0000000000000262                WDOG_EWM_DriverIRQHandler
                0x0000000000000262                PDB0_DriverIRQHandler
                0x0000000000000262                RTC_DriverIRQHandler
                0x0000000000000262                I2S0_Rx_DriverIRQHandler
                0x0000000000000262                Read_Collision_DriverIRQHandler
                0x0000000000000262                SWI_DriverIRQHandler
                0x0000000000000262                UART4_ERR_DriverIRQHandler
                0x0000000000000262                UART0_LON_DriverIRQHandler
                0x0000000000000262                DMA1_DriverIRQHandler
                0x0000000000000262                I2C1_DriverIRQHandler
                0x0000000000000262                ENET_Receive_DriverIRQHandler
                0x0000000000000262                DMA13_DriverIRQHandler
                0x0000000000000262                ENET_Error_DriverIRQHandler
                0x0000000000000262                DMA15_DriverIRQHandler
                0x0000000000000262                SPI0_DriverIRQHandler
                0x0000000000000262                ADC0_DriverIRQHandler
                0x0000000000000262                CMP0_DriverIRQHandler
                0x0000000000000262                CAN0_DriverIRQHandler
                0x0000000000000262                FTM3_DriverIRQHandler
                0x0000000000000262                UART1_ERR_DriverIRQHandler
                0x0000000000000262                DMA2_DriverIRQHandler
                0x0000000000000262                ENET_Transmit_DriverIRQHandler
                0x0000000000000262                PORTD_DriverIRQHandler
                0x0000000000000262                PORTE_DriverIRQHandler
                0x0000000000000262                FTFE_DriverIRQHandler
                0x0000000000000262                I2C0_DriverIRQHandler
                0x0000000000000262                DMA7_DriverIRQHandler
                0x0000000000000262                DMA0_DriverIRQHandler
                0x0000000000000262                PORTB_DriverIRQHandler
                0x0000000000000262                DMA12_DriverIRQHandler
                0x0000000000000262                SPI1_DriverIRQHandler
                0x0000000000000262                LPTMR0_DriverIRQHandler
                0x0000000000000262                DMA_Error_DriverIRQHandler
                0x0000000000000262                FTM1_DriverIRQHandler
                0x0000000000000400                . = 0x400
 *fill*         0x0000000000000264      0x19c ff
                0x0000000000000400                PROVIDE (__FLASH_CONFIG_START__, .)
 *(.FlashConfig)
 .FlashConfig   0x0000000000000400       0x10 ./startup/startup_mk64f12.o
                0x0000000000000400                Flash_Config
                0x0000000000000410                PROVIDE (__FLASH_CONFIG_END__, .)
                0x0000000000000001                ASSERT (! ((__FLASH_CONFIG_START__ == __FLASH_CONFIG_END__)), Linker Flash Config Support Enabled, but no .FlashConfig section provided within application)
 *(.text*)
 .text.DMA0_IRQHandler
                0x0000000000000410        0x8 ./startup/startup_mk64f12.o
                0x0000000000000410                DMA0_IRQHandler
 .text.DMA1_IRQHandler
                0x0000000000000418        0x8 ./startup/startup_mk64f12.o
                0x0000000000000418                DMA1_IRQHandler
 .text.DMA2_IRQHandler
                0x0000000000000420        0x8 ./startup/startup_mk64f12.o
                0x0000000000000420                DMA2_IRQHandler
 .text.DMA3_IRQHandler
                0x0000000000000428        0x8 ./startup/startup_mk64f12.o
                0x0000000000000428                DMA3_IRQHandler
 .text.DMA4_IRQHandler
                0x0000000000000430        0x8 ./startup/startup_mk64f12.o
                0x0000000000000430                DMA4_IRQHandler
 .text.DMA5_IRQHandler
                0x0000000000000438        0x8 ./startup/startup_mk64f12.o
                0x0000000000000438                DMA5_IRQHandler
 .text.DMA6_IRQHandler
                0x0000000000000440        0x8 ./startup/startup_mk64f12.o
                0x0000000000000440                DMA6_IRQHandler
 .text.DMA7_IRQHandler
                0x0000000000000448        0x8 ./startup/startup_mk64f12.o
                0x0000000000000448                DMA7_IRQHandler
 .text.DMA8_IRQHandler
                0x0000000000000450        0x8 ./startup/startup_mk64f12.o
                0x0000000000000450                DMA8_IRQHandler
 .text.DMA9_IRQHandler
                0x0000000000000458        0x8 ./startup/startup_mk64f12.o
                0x0000000000000458                DMA9_IRQHandler
 .text.DMA10_IRQHandler
                0x0000000000000460        0x8 ./startup/startup_mk64f12.o
                0x0000000000000460                DMA10_IRQHandler
 .text.DMA11_IRQHandler
                0x0000000000000468        0x8 ./startup/startup_mk64f12.o
                0x0000000000000468                DMA11_IRQHandler
 .text.DMA12_IRQHandler
                0x0000000000000470        0x8 ./startup/startup_mk64f12.o
                0x0000000000000470                DMA12_IRQHandler
 .text.DMA13_IRQHandler
                0x0000000000000478        0x8 ./startup/startup_mk64f12.o
                0x0000000000000478                DMA13_IRQHandler
 .text.DMA14_IRQHandler
                0x0000000000000480        0x8 ./startup/startup_mk64f12.o
                0x0000000000000480                DMA14_IRQHandler
 .text.DMA15_IRQHandler
                0x0000000000000488        0x8 ./startup/startup_mk64f12.o
                0x0000000000000488                DMA15_IRQHandler
 .text.DMA_Error_IRQHandler
                0x0000000000000490        0x8 ./startup/startup_mk64f12.o
                0x0000000000000490                DMA_Error_IRQHandler
 .text.MCM_IRQHandler
                0x0000000000000498        0x8 ./startup/startup_mk64f12.o
                0x0000000000000498                MCM_IRQHandler
 .text.FTFE_IRQHandler
                0x00000000000004a0        0x8 ./startup/startup_mk64f12.o
                0x00000000000004a0                FTFE_IRQHandler
 .text.Read_Collision_IRQHandler
                0x00000000000004a8        0x8 ./startup/startup_mk64f12.o
                0x00000000000004a8                Read_Collision_IRQHandler
 .text.LVD_LVW_IRQHandler
                0x00000000000004b0        0x8 ./startup/startup_mk64f12.o
                0x00000000000004b0                LVD_LVW_IRQHandler
 .text.LLWU_IRQHandler
                0x00000000000004b8        0x8 ./startup/startup_mk64f12.o
                0x00000000000004b8                LLWU_IRQHandler
 .text.WDOG_EWM_IRQHandler
                0x00000000000004c0        0x8 ./startup/startup_mk64f12.o
                0x00000000000004c0                WDOG_EWM_IRQHandler
 .text.RNG_IRQHandler
                0x00000000000004c8        0x8 ./startup/startup_mk64f12.o
                0x00000000000004c8                RNG_IRQHandler
 .text.I2C0_IRQHandler
                0x00000000000004d0        0x8 ./startup/startup_mk64f12.o
                0x00000000000004d0                I2C0_IRQHandler
 .text.I2C1_IRQHandler
                0x00000000000004d8        0x8 ./startup/startup_mk64f12.o
                0x00000000000004d8                I2C1_IRQHandler
 .text.SPI0_IRQHandler
                0x00000000000004e0        0x8 ./startup/startup_mk64f12.o
                0x00000000000004e0                SPI0_IRQHandler
 .text.SPI1_IRQHandler
                0x00000000000004e8        0x8 ./startup/startup_mk64f12.o
                0x00000000000004e8                SPI1_IRQHandler
 .text.I2S0_Tx_IRQHandler
                0x00000000000004f0        0x8 ./startup/startup_mk64f12.o
                0x00000000000004f0                I2S0_Tx_IRQHandler
 .text.I2S0_Rx_IRQHandler
                0x00000000000004f8        0x8 ./startup/startup_mk64f12.o
                0x00000000000004f8                I2S0_Rx_IRQHandler
 .text.UART0_LON_IRQHandler
                0x0000000000000500        0x8 ./startup/startup_mk64f12.o
                0x0000000000000500                UART0_LON_IRQHandler
 .text.UART0_ERR_IRQHandler
                0x0000000000000508        0x8 ./startup/startup_mk64f12.o
                0x0000000000000508                UART0_ERR_IRQHandler
 .text.UART1_RX_TX_IRQHandler
                0x0000000000000510        0x8 ./startup/startup_mk64f12.o
                0x0000000000000510                UART1_RX_TX_IRQHandler
 .text.UART1_ERR_IRQHandler
                0x0000000000000518        0x8 ./startup/startup_mk64f12.o
                0x0000000000000518                UART1_ERR_IRQHandler
 .text.UART2_RX_TX_IRQHandler
                0x0000000000000520        0x8 ./startup/startup_mk64f12.o
                0x0000000000000520                UART2_RX_TX_IRQHandler
 .text.UART2_ERR_IRQHandler
                0x0000000000000528        0x8 ./startup/startup_mk64f12.o
                0x0000000000000528                UART2_ERR_IRQHandler
 .text.UART3_RX_TX_IRQHandler
                0x0000000000000530        0x8 ./startup/startup_mk64f12.o
                0x0000000000000530                UART3_RX_TX_IRQHandler
 .text.UART3_ERR_IRQHandler
                0x0000000000000538        0x8 ./startup/startup_mk64f12.o
                0x0000000000000538                UART3_ERR_IRQHandler
 .text.ADC0_IRQHandler
                0x0000000000000540        0x8 ./startup/startup_mk64f12.o
                0x0000000000000540                ADC0_IRQHandler
 .text.CMP0_IRQHandler
                0x0000000000000548        0x8 ./startup/startup_mk64f12.o
                0x0000000000000548                CMP0_IRQHandler
 .text.CMP1_IRQHandler
                0x0000000000000550        0x8 ./startup/startup_mk64f12.o
                0x0000000000000550                CMP1_IRQHandler
 .text.FTM0_IRQHandler
                0x0000000000000558        0x8 ./startup/startup_mk64f12.o
                0x0000000000000558                FTM0_IRQHandler
 .text.FTM1_IRQHandler
                0x0000000000000560        0x8 ./startup/startup_mk64f12.o
                0x0000000000000560                FTM1_IRQHandler
 .text.FTM2_IRQHandler
                0x0000000000000568        0x8 ./startup/startup_mk64f12.o
                0x0000000000000568                FTM2_IRQHandler
 .text.CMT_IRQHandler
                0x0000000000000570        0x8 ./startup/startup_mk64f12.o
                0x0000000000000570                CMT_IRQHandler
 .text.RTC_IRQHandler
                0x0000000000000578        0x8 ./startup/startup_mk64f12.o
                0x0000000000000578                RTC_IRQHandler
 .text.RTC_Seconds_IRQHandler
                0x0000000000000580        0x8 ./startup/startup_mk64f12.o
                0x0000000000000580                RTC_Seconds_IRQHandler
 .text.PIT0_IRQHandler
                0x0000000000000588        0x8 ./startup/startup_mk64f12.o
                0x0000000000000588                PIT0_IRQHandler
 .text.PIT1_IRQHandler
                0x0000000000000590        0x8 ./startup/startup_mk64f12.o
                0x0000000000000590                PIT1_IRQHandler
 .text.PIT2_IRQHandler
                0x0000000000000598        0x8 ./startup/startup_mk64f12.o
                0x0000000000000598                PIT2_IRQHandler
 .text.PIT3_IRQHandler
                0x00000000000005a0        0x8 ./startup/startup_mk64f12.o
                0x00000000000005a0                PIT3_IRQHandler
 .text.PDB0_IRQHandler
                0x00000000000005a8        0x8 ./startup/startup_mk64f12.o
                0x00000000000005a8                PDB0_IRQHandler
 .text.USB0_IRQHandler
                0x00000000000005b0        0x8 ./startup/startup_mk64f12.o
                0x00000000000005b0                USB0_IRQHandler
 .text.USBDCD_IRQHandler
                0x00000000000005b8        0x8 ./startup/startup_mk64f12.o
                0x00000000000005b8                USBDCD_IRQHandler
 .text.Reserved71_IRQHandler
                0x00000000000005c0        0x8 ./startup/startup_mk64f12.o
                0x00000000000005c0                Reserved71_IRQHandler
 .text.DAC0_IRQHandler
                0x00000000000005c8        0x8 ./startup/startup_mk64f12.o
                0x00000000000005c8                DAC0_IRQHandler
 .text.MCG_IRQHandler
                0x00000000000005d0        0x8 ./startup/startup_mk64f12.o
                0x00000000000005d0                MCG_IRQHandler
 .text.LPTMR0_IRQHandler
                0x00000000000005d8        0x8 ./startup/startup_mk64f12.o
                0x00000000000005d8                LPTMR0_IRQHandler
 .text.PORTA_IRQHandler
                0x00000000000005e0        0x8 ./startup/startup_mk64f12.o
                0x00000000000005e0                PORTA_IRQHandler
 .text.PORTB_IRQHandler
                0x00000000000005e8        0x8 ./startup/startup_mk64f12.o
                0x00000000000005e8                PORTB_IRQHandler
 .text.PORTC_IRQHandler
                0x00000000000005f0        0x8 ./startup/startup_mk64f12.o
                0x00000000000005f0                PORTC_IRQHandler
 .text.PORTD_IRQHandler
                0x00000000000005f8        0x8 ./startup/startup_mk64f12.o
                0x00000000000005f8                PORTD_IRQHandler
 .text.PORTE_IRQHandler
                0x0000000000000600        0x8 ./startup/startup_mk64f12.o
                0x0000000000000600                PORTE_IRQHandler
 .text.SWI_IRQHandler
                0x0000000000000608        0x8 ./startup/startup_mk64f12.o
                0x0000000000000608                SWI_IRQHandler
 .text.SPI2_IRQHandler
                0x0000000000000610        0x8 ./startup/startup_mk64f12.o
                0x0000000000000610                SPI2_IRQHandler
 .text.UART4_RX_TX_IRQHandler
                0x0000000000000618        0x8 ./startup/startup_mk64f12.o
                0x0000000000000618                UART4_RX_TX_IRQHandler
 .text.UART4_ERR_IRQHandler
                0x0000000000000620        0x8 ./startup/startup_mk64f12.o
                0x0000000000000620                UART4_ERR_IRQHandler
 .text.UART5_RX_TX_IRQHandler
                0x0000000000000628        0x8 ./startup/startup_mk64f12.o
                0x0000000000000628                UART5_RX_TX_IRQHandler
 .text.UART5_ERR_IRQHandler
                0x0000000000000630        0x8 ./startup/startup_mk64f12.o
                0x0000000000000630                UART5_ERR_IRQHandler
 .text.CMP2_IRQHandler
                0x0000000000000638        0x8 ./startup/startup_mk64f12.o
                0x0000000000000638                CMP2_IRQHandler
 .text.FTM3_IRQHandler
                0x0000000000000640        0x8 ./startup/startup_mk64f12.o
                0x0000000000000640                FTM3_IRQHandler
 .text.DAC1_IRQHandler
                0x0000000000000648        0x8 ./startup/startup_mk64f12.o
                0x0000000000000648                DAC1_IRQHandler
 .text.ADC1_IRQHandler
                0x0000000000000650        0x8 ./startup/startup_mk64f12.o
                0x0000000000000650                ADC1_IRQHandler
 .text.I2C2_IRQHandler
                0x0000000000000658        0x8 ./startup/startup_mk64f12.o
                0x0000000000000658                I2C2_IRQHandler
 .text.CAN0_ORed_Message_buffer_IRQHandler
                0x0000000000000660        0x8 ./startup/startup_mk64f12.o
                0x0000000000000660                CAN0_ORed_Message_buffer_IRQHandler
 .text.CAN0_Bus_Off_IRQHandler
                0x0000000000000668        0x8 ./startup/startup_mk64f12.o
                0x0000000000000668                CAN0_Bus_Off_IRQHandler
 .text.CAN0_Error_IRQHandler
                0x0000000000000670        0x8 ./startup/startup_mk64f12.o
                0x0000000000000670                CAN0_Error_IRQHandler
 .text.CAN0_Tx_Warning_IRQHandler
                0x0000000000000678        0x8 ./startup/startup_mk64f12.o
                0x0000000000000678                CAN0_Tx_Warning_IRQHandler
 .text.CAN0_Rx_Warning_IRQHandler
                0x0000000000000680        0x8 ./startup/startup_mk64f12.o
                0x0000000000000680                CAN0_Rx_Warning_IRQHandler
 .text.CAN0_Wake_Up_IRQHandler
                0x0000000000000688        0x8 ./startup/startup_mk64f12.o
                0x0000000000000688                CAN0_Wake_Up_IRQHandler
 .text.SDHC_IRQHandler
                0x0000000000000690        0x8 ./startup/startup_mk64f12.o
                0x0000000000000690                SDHC_IRQHandler
 .text.ENET_1588_Timer_IRQHandler
                0x0000000000000698        0x8 ./startup/startup_mk64f12.o
                0x0000000000000698                ENET_1588_Timer_IRQHandler
 .text.ENET_Transmit_IRQHandler
                0x00000000000006a0        0x8 ./startup/startup_mk64f12.o
                0x00000000000006a0                ENET_Transmit_IRQHandler
 .text.ENET_Receive_IRQHandler
                0x00000000000006a8        0x8 ./startup/startup_mk64f12.o
                0x00000000000006a8                ENET_Receive_IRQHandler
 .text.ENET_Error_IRQHandler
                0x00000000000006b0        0x8 ./startup/startup_mk64f12.o
                0x00000000000006b0                ENET_Error_IRQHandler
 .text.HardFault_Handler
                0x00000000000006b8       0x2a ./source/semihost_hardfault.o
                0x00000000000006b8                HardFault_Handler
 *fill*         0x00000000000006e2        0x2 ff
 .text.__NVIC_EnableIRQ
                0x00000000000006e4       0x3c ./source/uart_interrupt.o
 .text.EnableIRQ
                0x0000000000000720       0x2c ./source/uart_interrupt.o
 .text.UART_WriteByte
                0x000000000000074c       0x1e ./source/uart_interrupt.o
 .text.UART_ReadByte
                0x000000000000076a       0x1a ./source/uart_interrupt.o
 .text.UART0_RX_TX_IRQHandler
                0x0000000000000784       0x88 ./source/uart_interrupt.o
                0x0000000000000784                UART0_RX_TX_IRQHandler
 .text.main     0x000000000000080c       0xbc ./source/uart_interrupt.o
                0x000000000000080c                main
 .text.CLOCK_SetEr32kClock
                0x00000000000008c8       0x30 ./drivers/fsl_clock.o
 .text.CLOCK_SetPllFllSelClock
                0x00000000000008f8       0x3c ./drivers/fsl_clock.o
 .text.OSC_SetExtRefClkConfig
                0x0000000000000934       0x34 ./drivers/fsl_clock.o
 .text.OSC_SetCapLoad
                0x0000000000000968       0x34 ./drivers/fsl_clock.o
 .text.CLOCK_GetMcgExtClkFreq
                0x000000000000099c       0x78 ./drivers/fsl_clock.o
 .text.CLOCK_GetFllExtRefClkFreq
                0x0000000000000a14       0xcc ./drivers/fsl_clock.o
 .text.CLOCK_GetInternalRefClkSelectFreq
                0x0000000000000ae0       0x44 ./drivers/fsl_clock.o
 .text.CLOCK_GetFllRefClkFreq
                0x0000000000000b24       0x2c ./drivers/fsl_clock.o
 .text.CLOCK_GetPll0RefFreq
                0x0000000000000b50        0xe ./drivers/fsl_clock.o
 *fill*         0x0000000000000b5e        0x2 ff
 .text.CLOCK_GetOscRangeFromFreq
                0x0000000000000b60       0x3c ./drivers/fsl_clock.o
 .text.CLOCK_GetOsc0ErClkFreq
                0x0000000000000b9c       0x38 ./drivers/fsl_clock.o
                0x0000000000000b9c                CLOCK_GetOsc0ErClkFreq
 .text.CLOCK_GetEr32kClkFreq
                0x0000000000000bd4       0x70 ./drivers/fsl_clock.o
                0x0000000000000bd4                CLOCK_GetEr32kClkFreq
 .text.CLOCK_GetPllFllSelClkFreq
                0x0000000000000c44       0x54 ./drivers/fsl_clock.o
                0x0000000000000c44                CLOCK_GetPllFllSelClkFreq
 .text.CLOCK_GetFreq
                0x0000000000000c98      0x148 ./drivers/fsl_clock.o
                0x0000000000000c98                CLOCK_GetFreq
 .text.CLOCK_SetSimConfig
                0x0000000000000de0       0x38 ./drivers/fsl_clock.o
                0x0000000000000de0                CLOCK_SetSimConfig
 .text.CLOCK_GetOutClkFreq
                0x0000000000000e18       0x64 ./drivers/fsl_clock.o
                0x0000000000000e18                CLOCK_GetOutClkFreq
 .text.CLOCK_GetFllFreq
                0x0000000000000e7c       0x7c ./drivers/fsl_clock.o
                0x0000000000000e7c                CLOCK_GetFllFreq
 .text.CLOCK_GetInternalRefClkFreq
                0x0000000000000ef8       0x24 ./drivers/fsl_clock.o
                0x0000000000000ef8                CLOCK_GetInternalRefClkFreq
 .text.CLOCK_GetFixedFreqClkFreq
                0x0000000000000f1c       0x2e ./drivers/fsl_clock.o
                0x0000000000000f1c                CLOCK_GetFixedFreqClkFreq
 *fill*         0x0000000000000f4a        0x2 ff
 .text.CLOCK_GetPll0Freq
                0x0000000000000f4c       0x68 ./drivers/fsl_clock.o
                0x0000000000000f4c                CLOCK_GetPll0Freq
 .text.CLOCK_SetExternalRefClkConfig
                0x0000000000000fb4       0x6c ./drivers/fsl_clock.o
                0x0000000000000fb4                CLOCK_SetExternalRefClkConfig
 .text.CLOCK_SetInternalRefClkConfig
                0x0000000000001020      0x104 ./drivers/fsl_clock.o
                0x0000000000001020                CLOCK_SetInternalRefClkConfig
 .text.CLOCK_EnablePll0
                0x0000000000001124       0x84 ./drivers/fsl_clock.o
                0x0000000000001124                CLOCK_EnablePll0
 .text.CLOCK_InitOsc0
                0x00000000000011a8       0x8c ./drivers/fsl_clock.o
                0x00000000000011a8                CLOCK_InitOsc0
 .text.CLOCK_SetPbeMode
                0x0000000000001234       0xa8 ./drivers/fsl_clock.o
                0x0000000000001234                CLOCK_SetPbeMode
 .text.CLOCK_BootToPeeMode
                0x00000000000012dc       0x64 ./drivers/fsl_clock.o
                0x00000000000012dc                CLOCK_BootToPeeMode
 .text.CLOCK_EnableClock
                0x0000000000001340       0x36 ./drivers/fsl_uart.o
 *fill*         0x0000000000001376        0x2 ff
 .text.UART_GetInstance
                0x0000000000001378       0x54 ./drivers/fsl_uart.o
                0x0000000000001378                UART_GetInstance
 .text.UART_Init
                0x00000000000013cc      0x2d8 ./drivers/fsl_uart.o
                0x00000000000013cc                UART_Init
 .text.UART_GetDefaultConfig
                0x00000000000016a4       0x60 ./drivers/fsl_uart.o
                0x00000000000016a4                UART_GetDefaultConfig
 .text.UART_EnableInterrupts
                0x0000000000001704       0x70 ./drivers/fsl_uart.o
                0x0000000000001704                UART_EnableInterrupts
 .text.UART_GetStatusFlags
                0x0000000000001774       0x46 ./drivers/fsl_uart.o
                0x0000000000001774                UART_GetStatusFlags
 .text.UART_WriteBlocking
                0x00000000000017ba       0x3e ./drivers/fsl_uart.o
                0x00000000000017ba                UART_WriteBlocking
 .text.UART1_DriverIRQHandler
                0x00000000000017f8       0x28 ./drivers/fsl_uart.o
                0x00000000000017f8                UART1_DriverIRQHandler
 .text.UART1_RX_TX_DriverIRQHandler
                0x0000000000001820       0x10 ./drivers/fsl_uart.o
                0x0000000000001820                UART1_RX_TX_DriverIRQHandler
 .text.UART2_DriverIRQHandler
                0x0000000000001830       0x28 ./drivers/fsl_uart.o
                0x0000000000001830                UART2_DriverIRQHandler
 .text.UART2_RX_TX_DriverIRQHandler
                0x0000000000001858       0x10 ./drivers/fsl_uart.o
                0x0000000000001858                UART2_RX_TX_DriverIRQHandler
 .text.UART3_DriverIRQHandler
                0x0000000000001868       0x28 ./drivers/fsl_uart.o
                0x0000000000001868                UART3_DriverIRQHandler
 .text.UART3_RX_TX_DriverIRQHandler
                0x0000000000001890       0x10 ./drivers/fsl_uart.o
                0x0000000000001890                UART3_RX_TX_DriverIRQHandler
 .text.UART4_DriverIRQHandler
                0x00000000000018a0       0x28 ./drivers/fsl_uart.o
                0x00000000000018a0                UART4_DriverIRQHandler
 .text.UART4_RX_TX_DriverIRQHandler
                0x00000000000018c8       0x10 ./drivers/fsl_uart.o
                0x00000000000018c8                UART4_RX_TX_DriverIRQHandler
 .text.UART5_DriverIRQHandler
                0x00000000000018d8       0x28 ./drivers/fsl_uart.o
                0x00000000000018d8                UART5_DriverIRQHandler
 .text.UART5_RX_TX_DriverIRQHandler
                0x0000000000001900       0x10 ./drivers/fsl_uart.o
                0x0000000000001900                UART5_RX_TX_DriverIRQHandler
 .text.CLOCK_SetSimSafeDivs
                0x0000000000001910       0x20 ./board/clock_config.o
 .text.CLOCK_SetXtal0Freq
                0x0000000000001930       0x20 ./board/clock_config.o
 .text.CLOCK_CONFIG_SetFllExtRefDiv
                0x0000000000001950       0x3c ./board/clock_config.o
 .text.BOARD_BootClockRUN
                0x000000000000198c       0x60 ./board/clock_config.o
                0x000000000000198c                BOARD_BootClockRUN
 .text.CLOCK_EnableClock
                0x00000000000019ec       0x36 ./board/pin_mux.o
 .text.PORT_SetPinMux
                0x0000000000001a22       0x3a ./board/pin_mux.o
 .text.BOARD_InitPins
                0x0000000000001a5c       0x48 ./board/pin_mux.o
                0x0000000000001a5c                BOARD_InitPins
 .text.SystemInit
                0x0000000000001aa4       0x40 ./CMSIS/system_MK64F12.o
                0x0000000000001aa4                SystemInit
 .text.__main   0x0000000000001ae4        0xe /Applications/MCUXpressoIDE_10.1.0_589/ide/tools/bin/../lib/gcc/arm-none-eabi/6.3.1/../../../../arm-none-eabi/lib/thumb/v7e-m/fpv4-sp/hard/libcr_semihost_nf.a(_cr__main.o)
                0x0000000000001ae4                __main
                0x0000000000001ae4                __CR_SEMIHOST
 *fill*         0x0000000000001af2        0x2 ff
 .text.__assertion_failed
                0x0000000000001af4       0x4c /Applications/MCUXpressoIDE_10.1.0_589/ide/tools/bin/../lib/gcc/arm-none-eabi/6.3.1/../../../../arm-none-eabi/lib/thumb/v7e-m/fpv4-sp/hard/libcr_semihost_nf.a(_cr_assert.o)
                0x0000000000001af4                __assertion_failed
 .text.__sys_appexit
                0x0000000000001b40        0xc /Applications/MCUXpressoIDE_10.1.0_589/ide/tools/bin/../lib/gcc/arm-none-eabi/6.3.1/../../../../arm-none-eabi/lib/thumb/v7e-m/fpv4-sp/hard/libcr_semihost_nf.a(__sys_appexit.o)
                0x0000000000001b40                __exit
                0x0000000000001b40                __sys_appexit
 .text.memset   0x0000000000001b4c        0x4 /Applications/MCUXpressoIDE_10.1.0_589/ide/tools/bin/../lib/gcc/arm-none-eabi/6.3.1/../../../../arm-none-eabi/lib/thumb/v7e-m/fpv4-sp/hard/libcr_c.a(memset.o)
                0x0000000000001b4c                memset
 .text._deferredlazyseek
                0x0000000000001b50       0x40 /Applications/MCUXpressoIDE_10.1.0_589/ide/tools/bin/../lib/gcc/arm-none-eabi/6.3.1/../../../../arm-none-eabi/lib/thumb/v7e-m/fpv4-sp/hard/libcr_c.a(_deferredlazyseek.o)
                0x0000000000001b50                _deferredlazyseek
 .text.__flsbuf
                0x0000000000001b90      0x148 /Applications/MCUXpressoIDE_10.1.0_589/ide/tools/bin/../lib/gcc/arm-none-eabi/6.3.1/../../../../arm-none-eabi/lib/thumb/v7e-m/fpv4-sp/hard/libcr_c.a(_deferredlazyseek.o)
                0x0000000000001b90                __flsbuf
 .text._fflush  0x0000000000001cd8       0x54 /Applications/MCUXpressoIDE_10.1.0_589/ide/tools/bin/../lib/gcc/arm-none-eabi/6.3.1/../../../../arm-none-eabi/lib/thumb/v7e-m/fpv4-sp/hard/libcr_c.a(_fflush.o)
                0x0000000000001cd8                _fflush
 .text._Cwritebuf
                0x0000000000001d2c       0x6c /Applications/MCUXpressoIDE_10.1.0_589/ide/tools/bin/../lib/gcc/arm-none-eabi/6.3.1/../../../../arm-none-eabi/lib/thumb/v7e-m/fpv4-sp/hard/libcr_c.a(_writebuf.o)
                0x0000000000001d2c                _Cwritebuf
 .text.malloc   0x0000000000001d98       0xc4 /Applications/MCUXpressoIDE_10.1.0_589/ide/tools/bin/../lib/gcc/arm-none-eabi/6.3.1/../../../../arm-none-eabi/lib/thumb/v7e-m/fpv4-sp/hard/libcr_c.a(alloc.o)
                0x0000000000001d98                malloc
 .text.free     0x0000000000001e5c       0x30 /Applications/MCUXpressoIDE_10.1.0_589/ide/tools/bin/../lib/gcc/arm-none-eabi/6.3.1/../../../../arm-none-eabi/lib/thumb/v7e-m/fpv4-sp/hard/libcr_c.a(alloc.o)
                0x0000000000001e5c                free
 .text._Csys_alloc
                0x0000000000001e8c       0x20 /Applications/MCUXpressoIDE_10.1.0_589/ide/tools/bin/../lib/gcc/arm-none-eabi/6.3.1/../../../../arm-none-eabi/lib/thumb/v7e-m/fpv4-sp/hard/libcr_c.a(alloc.o)
                0x0000000000001e8c                _Csys_alloc
 .text.fputs    0x0000000000001eac       0x2c /Applications/MCUXpressoIDE_10.1.0_589/ide/tools/bin/../lib/gcc/arm-none-eabi/6.3.1/../../../../arm-none-eabi/lib/thumb/v7e-m/fpv4-sp/hard/libcr_c.a(fputs.o)
                0x0000000000001eac                fputs
 .text.fseek    0x0000000000001ed8      0x100 /Applications/MCUXpressoIDE_10.1.0_589/ide/tools/bin/../lib/gcc/arm-none-eabi/6.3.1/../../../../arm-none-eabi/lib/thumb/v7e-m/fpv4-sp/hard/libcr_c.a(fseek.o)
                0x0000000000001ed8                fseek
 .text.ftell    0x0000000000001fd8       0x48 /Applications/MCUXpressoIDE_10.1.0_589/ide/tools/bin/../lib/gcc/arm-none-eabi/6.3.1/../../../../arm-none-eabi/lib/thumb/v7e-m/fpv4-sp/hard/libcr_c.a(ftell.o)
                0x0000000000001fd8                ftell
 .text._initio  0x0000000000002020       0x78 /Applications/MCUXpressoIDE_10.1.0_589/ide/tools/bin/../lib/gcc/arm-none-eabi/6.3.1/../../../../arm-none-eabi/lib/thumb/v7e-m/fpv4-sp/hard/libcr_c.a(initio.o)
                0x0000000000002020                _initio
 .text.setvbuf  0x0000000000002098       0x40 /Applications/MCUXpressoIDE_10.1.0_589/ide/tools/bin/../lib/gcc/arm-none-eabi/6.3.1/../../../../arm-none-eabi/lib/thumb/v7e-m/fpv4-sp/hard/libcr_c.a(setvbuf.o)
                0x0000000000002098                setvbuf
 .text.strlen   0x00000000000020d8       0x4a /Applications/MCUXpressoIDE_10.1.0_589/ide/tools/bin/../lib/gcc/arm-none-eabi/6.3.1/../../../../arm-none-eabi/lib/thumb/v7e-m/fpv4-sp/hard/libcr_c.a(strlen.o)
                0x00000000000020d8                strlen
 *fill*         0x0000000000002122        0x2 ff
 .text._sbrk    0x0000000000002124       0x3c /Applications/MCUXpressoIDE_10.1.0_589/ide/tools/bin/../lib/gcc/arm-none-eabi/6.3.1/../../../../arm-none-eabi/lib/thumb/v7e-m/fpv4-sp/hard/libcr_c.a(_cr_sbrk.o)
                0x0000000000002124                _sbrk
 .text._fdopen  0x0000000000002160       0x68 /Applications/MCUXpressoIDE_10.1.0_589/ide/tools/bin/../lib/gcc/arm-none-eabi/6.3.1/../../../../arm-none-eabi/lib/thumb/v7e-m/fpv4-sp/hard/libcr_c.a(_fdopen.o)
                0x0000000000002160                _fdopen
 .text.fclose   0x00000000000021c8       0x58 /Applications/MCUXpressoIDE_10.1.0_589/ide/tools/bin/../lib/gcc/arm-none-eabi/6.3.1/../../../../arm-none-eabi/lib/thumb/v7e-m/fpv4-sp/hard/libcr_c.a(fclose.o)
                0x00000000000021c8                fclose
 .text.fflush   0x0000000000002220       0x44 /Applications/MCUXpressoIDE_10.1.0_589/ide/tools/bin/../lib/gcc/arm-none-eabi/6.3.1/../../../../arm-none-eabi/lib/thumb/v7e-m/fpv4-sp/hard/libcr_c.a(fflush.o)
                0x0000000000002220                fflush
 .text.remove   0x0000000000002264       0x14 /Applications/MCUXpressoIDE_10.1.0_589/ide/tools/bin/../lib/gcc/arm-none-eabi/6.3.1/../../../../arm-none-eabi/lib/thumb/v7e-m/fpv4-sp/hard/libcr_c.a(remove.o)
                0x0000000000002264                remove
 .text.__check_heap_overflow
                0x0000000000002278       0x18 /Applications/MCUXpressoIDE_10.1.0_589/ide/tools/bin/../lib/gcc/arm-none-eabi/6.3.1/../../../../arm-none-eabi/lib/thumb/v7e-m/fpv4-sp/hard/libcr_c.a(_cr_check_heap.o)
                0x0000000000002278                __check_heap_overflow
 .text._do_fflush
                0x0000000000002290       0x40 /Applications/MCUXpressoIDE_10.1.0_589/ide/tools/bin/../lib/gcc/arm-none-eabi/6.3.1/../../../../arm-none-eabi/lib/thumb/v7e-m/fpv4-sp/hard/libcr_c.a(_do_fflush.o)
                0x0000000000002290                _do_fflush
 .text.__aeabi_memset_lowlevel
                0x00000000000022d0       0x32 /Applications/MCUXpressoIDE_10.1.0_589/ide/tools/bin/../lib/gcc/arm-none-eabi/6.3.1/thumb/v7e-m/fpv4-sp/hard/libcr_eabihelpers.a(memcpy.o)
                0x00000000000022d0                __aeabi_lowlevel_memset
 .text.__sys_close
                0x0000000000002302        0xc /Applications/MCUXpressoIDE_10.1.0_589/ide/tools/bin/../lib/gcc/arm-none-eabi/6.3.1/../../../../arm-none-eabi/lib/thumb/v7e-m/fpv4-sp/hard/libcr_semihost_nf.a(__sys_close.o)
                0x0000000000002302                __sys_close
 .text.__sys_flen
                0x000000000000230e        0xc /Applications/MCUXpressoIDE_10.1.0_589/ide/tools/bin/../lib/gcc/arm-none-eabi/6.3.1/../../../../arm-none-eabi/lib/thumb/v7e-m/fpv4-sp/hard/libcr_semihost_nf.a(__sys_flen.o)
                0x000000000000230e                __sys_flen
 .text.__sys_istty
                0x000000000000231a        0xc /Applications/MCUXpressoIDE_10.1.0_589/ide/tools/bin/../lib/gcc/arm-none-eabi/6.3.1/../../../../arm-none-eabi/lib/thumb/v7e-m/fpv4-sp/hard/libcr_semihost_nf.a(__sys_istty.o)
                0x000000000000231a                __sys_istty
 .text.__sys_remove
                0x0000000000002326        0xc /Applications/MCUXpressoIDE_10.1.0_589/ide/tools/bin/../lib/gcc/arm-none-eabi/6.3.1/../../../../arm-none-eabi/lib/thumb/v7e-m/fpv4-sp/hard/libcr_semihost_nf.a(__sys_remove.o)
                0x0000000000002326                __sys_remove
 .text.__sys_seek
                0x0000000000002332        0xc /Applications/MCUXpressoIDE_10.1.0_589/ide/tools/bin/../lib/gcc/arm-none-eabi/6.3.1/../../../../arm-none-eabi/lib/thumb/v7e-m/fpv4-sp/hard/libcr_semihost_nf.a(__sys_seek.o)
                0x0000000000002332                __sys_seek
 .text.__sys_tmpnam
                0x000000000000233e        0xc /Applications/MCUXpressoIDE_10.1.0_589/ide/tools/bin/../lib/gcc/arm-none-eabi/6.3.1/../../../../arm-none-eabi/lib/thumb/v7e-m/fpv4-sp/hard/libcr_semihost_nf.a(__sys_tmpnam.o)
                0x000000000000233e                __sys_tmpnam
 .text.__sys_write
                0x000000000000234a        0xc /Applications/MCUXpressoIDE_10.1.0_589/ide/tools/bin/../lib/gcc/arm-none-eabi/6.3.1/../../../../arm-none-eabi/lib/thumb/v7e-m/fpv4-sp/hard/libcr_semihost_nf.a(__sys_write.o)
                0x000000000000234a                __sys_write
 *(.rodata .rodata.* .constdata .constdata.*)
 *fill*         0x0000000000002356        0x2 ff
 .rodata        0x0000000000002358      0x149 ./drivers/fsl_clock.o
 *fill*         0x00000000000024a1        0x3 ff
 .rodata.fllFactorTable.7491
                0x00000000000024a4       0x10 ./drivers/fsl_clock.o
 .rodata.s_uartBases
                0x00000000000024b4       0x18 ./drivers/fsl_uart.o
 .rodata.s_uartClock
                0x00000000000024cc       0x18 ./drivers/fsl_uart.o
 .rodata        0x00000000000024e4      0x513 ./drivers/fsl_uart.o
 *fill*         0x00000000000029f7        0x1 ff
 .rodata.mcgConfig_BOARD_BootClockRUN
                0x00000000000029f8        0xb ./board/clock_config.o
                0x00000000000029f8                mcgConfig_BOARD_BootClockRUN
 *fill*         0x0000000000002a03        0x1 ff
 .rodata.simConfig_BOARD_BootClockRUN
                0x0000000000002a04        0x8 ./board/clock_config.o
                0x0000000000002a04                simConfig_BOARD_BootClockRUN
 .rodata.oscConfig_BOARD_BootClockRUN
                0x0000000000002a0c        0x8 ./board/clock_config.o
                0x0000000000002a0c                oscConfig_BOARD_BootClockRUN
 .rodata.__assertion_failed.str1.1
                0x0000000000002a14       0x15 /Applications/MCUXpressoIDE_10.1.0_589/ide/tools/bin/../lib/gcc/arm-none-eabi/6.3.1/../../../../arm-none-eabi/lib/thumb/v7e-m/fpv4-sp/hard/libcr_semihost_nf.a(_cr_assert.o)
 *fill*         0x0000000000002a29        0x3 ff
 .rodata.__num_Ciob_streams
                0x0000000000002a2c        0x4 /Applications/MCUXpressoIDE_10.1.0_589/ide/tools/bin/../lib/gcc/arm-none-eabi/6.3.1/../../../../arm-none-eabi/lib/thumb/v7e-m/fpv4-sp/hard/libcr_semihost_nf.a(__ciob.o)
                0x0000000000002a2c                __num_Ciob_streams
 .rodata._Csys_alloc.str1.1
                0x0000000000002a30       0x18 /Applications/MCUXpressoIDE_10.1.0_589/ide/tools/bin/../lib/gcc/arm-none-eabi/6.3.1/../../../../arm-none-eabi/lib/thumb/v7e-m/fpv4-sp/hard/libcr_c.a(alloc.o)
 .rodata._initio.str1.1
                0x0000000000002a48        0x4 /Applications/MCUXpressoIDE_10.1.0_589/ide/tools/bin/../lib/gcc/arm-none-eabi/6.3.1/../../../../arm-none-eabi/lib/thumb/v7e-m/fpv4-sp/hard/libcr_c.a(initio.o)
                0x0000000000002a4c                . = ALIGN (0x4)

.glue_7         0x0000000000002a4c        0x0
 .glue_7        0x0000000000002a4c        0x0 linker stubs

.glue_7t        0x0000000000002a4c        0x0
 .glue_7t       0x0000000000002a4c        0x0 linker stubs

.vfp11_veneer   0x0000000000002a4c        0x0
 .vfp11_veneer  0x0000000000002a4c        0x0 linker stubs

.v4_bx          0x0000000000002a4c        0x0
 .v4_bx         0x0000000000002a4c        0x0 linker stubs

.iplt           0x0000000000002a4c        0x0
 .iplt          0x0000000000002a4c        0x0 ./utilities/fsl_assert.o

.rel.dyn        0x0000000000002a4c        0x0
 .rel.iplt      0x0000000000002a4c        0x0 ./utilities/fsl_assert.o

.ARM.extab
 *(.ARM.extab* .gnu.linkonce.armextab.*)
                0x0000000000002a4c                __exidx_start = .

.ARM.exidx
 *(.ARM.exidx* .gnu.linkonce.armexidx.*)
                0x0000000000002a4c                __exidx_end = .
                0x0000000000002a4c                _etext = .

.m_usb_data
 *(m_usb_bdt)

.data_RAM2      0x000000001fff0000        0x0 load address 0x0000000000002a4c
 FILL mask 0xff
                [!provide]                        PROVIDE (__start_data_RAM2, .)
 *(.ramfunc.$RAM2)
 *(.ramfunc.$SRAM_LOWER)
 *(.data.$RAM2*)
 *(.data.$SRAM_LOWER*)
                0x000000001fff0000                . = ALIGN (0x4)
                [!provide]                        PROVIDE (__end_data_RAM2, .)

.data_RAM3      0x0000000014000000        0x0 load address 0x0000000000002a4c
 FILL mask 0xff
                [!provide]                        PROVIDE (__start_data_RAM3, .)
 *(.ramfunc.$RAM3)
 *(.ramfunc.$FLEX_RAM)
 *(.data.$RAM3*)
 *(.data.$FLEX_RAM*)
                0x0000000014000000                . = ALIGN (0x4)
                [!provide]                        PROVIDE (__end_data_RAM3, .)

.uninit_RESERVED
                0x0000000020000000        0x0
 *(.bss.$RESERVED*)
                0x0000000020000000                . = ALIGN (0x4)
                0x0000000020000000                _end_uninit_RESERVED = .

.data           0x0000000020000000       0x78 load address 0x0000000000002a4c
 FILL mask 0xff
                0x0000000020000000                _data = .
 *(vtable)
 *(.ramfunc*)
 *(.data*)
 .data.g_tipString
                0x0000000020000000       0x6a ./source/uart_interrupt.o
                0x0000000020000000                g_tipString
 *fill*         0x000000002000006a        0x2 ff
 .data.s_slowIrcFreq
                0x000000002000006c        0x4 ./drivers/fsl_clock.o
 .data.s_fastIrcFreq
                0x0000000020000070        0x4 ./drivers/fsl_clock.o
 .data.SystemCoreClock
                0x0000000020000074        0x4 ./CMSIS/system_MK64F12.o
                0x0000000020000074                SystemCoreClock
                0x0000000020000078                . = ALIGN (0x4)
                0x0000000020000078                _edata = .

.igot.plt       0x0000000020000078        0x0 load address 0x0000000000002ac4
 .igot.plt      0x0000000020000078        0x0 ./utilities/fsl_assert.o

.bss_RAM2       0x000000001fff0000        0x0
                [!provide]                        PROVIDE (__start_bss_RAM2, .)
 *(.bss.$RAM2*)
 *(.bss.$SRAM_LOWER*)
                0x000000001fff0000                . = ALIGN ((. != 0x0)?0x4:0x1)
                [!provide]                        PROVIDE (__end_bss_RAM2, .)

.bss_RAM3       0x0000000014000000        0x0
                [!provide]                        PROVIDE (__start_bss_RAM3, .)
 *(.bss.$RAM3*)
 *(.bss.$FLEX_RAM*)
                0x0000000014000000                . = ALIGN ((. != 0x0)?0x4:0x1)
                [!provide]                        PROVIDE (__end_bss_RAM3, .)

.bss            0x0000000020000078       0xf8
                0x0000000020000078                _bss = .
 *(.bss*)
 .bss.demoRingBuffer
                0x0000000020000078       0x10 ./source/uart_interrupt.o
                0x0000000020000078                demoRingBuffer
 .bss.txIndex   0x0000000020000088        0x2 ./source/uart_interrupt.o
                0x0000000020000088                txIndex
 .bss.rxIndex   0x000000002000008a        0x2 ./source/uart_interrupt.o
                0x000000002000008a                rxIndex
 .bss.g_xtal0Freq
                0x000000002000008c        0x4 ./drivers/fsl_clock.o
                0x000000002000008c                g_xtal0Freq
 .bss.g_xtal32Freq
                0x0000000020000090        0x4 ./drivers/fsl_clock.o
                0x0000000020000090                g_xtal32Freq
 .bss.s_uartHandle
                0x0000000020000094       0x18 ./drivers/fsl_uart.o
 .bss.s_uartIsr
                0x00000000200000ac        0x4 ./drivers/fsl_uart.o
 .bss.__Ciob    0x00000000200000b0       0xb4 /Applications/MCUXpressoIDE_10.1.0_589/ide/tools/bin/../lib/gcc/arm-none-eabi/6.3.1/../../../../arm-none-eabi/lib/thumb/v7e-m/fpv4-sp/hard/libcr_semihost_nf.a(__ciob.o)
                0x00000000200000b0                __Ciob
 .bss.__end_of_heap
                0x0000000020000164        0x4 /Applications/MCUXpressoIDE_10.1.0_589/ide/tools/bin/../lib/gcc/arm-none-eabi/6.3.1/../../../../arm-none-eabi/lib/thumb/v7e-m/fpv4-sp/hard/libcr_c.a(__init_alloc.o)
                0x0000000020000164                __end_of_heap
 .bss.__heaps   0x0000000020000168        0x4 /Applications/MCUXpressoIDE_10.1.0_589/ide/tools/bin/../lib/gcc/arm-none-eabi/6.3.1/../../../../arm-none-eabi/lib/thumb/v7e-m/fpv4-sp/hard/libcr_c.a(__init_alloc.o)
                0x0000000020000168                __heaps
 .bss.errno     0x000000002000016c        0x4 /Applications/MCUXpressoIDE_10.1.0_589/ide/tools/bin/../lib/gcc/arm-none-eabi/6.3.1/../../../../arm-none-eabi/lib/thumb/v7e-m/fpv4-sp/hard/libcr_c.a(errno.o)
                0x000000002000016c                errno
 *(COMMON)
                0x0000000020000170                . = ALIGN (0x4)
                0x0000000020000170                _ebss = .
                [!provide]                        PROVIDE (end, .)

.noinit_RAM2    0x000000001fff0000        0x0
 *(.noinit.$RAM2*)
 *(.noinit.$SRAM_LOWER*)
                0x000000001fff0000                . = ALIGN (0x4)

.noinit_RAM3    0x0000000014000000        0x0
 *(.noinit.$RAM3*)
 *(.noinit.$FLEX_RAM*)
                0x0000000014000000                . = ALIGN (0x4)

.noinit         0x0000000020000170        0x0
                0x0000000020000170                _noinit = .
 *(.noinit*)
                0x0000000020000170                . = ALIGN (0x4)
                0x0000000020000170                _end_noinit = .
                0x0000000000001000                _HeapSize = 0x1000

.heap           0x0000000020000170     0x1000
                0x0000000020000170                _pvHeapStart = .
                0x0000000020001170                . = (. + _HeapSize)
 *fill*         0x0000000020000170     0x1000 
                0x0000000020001170                . = ALIGN (0x4)
                0x0000000020001170                _pvHeapLimit = .
                0x0000000000001000                _StackSize = 0x1000

.heap2stackfill
                0x0000000020001170     0x1000
                0x0000000020002170                . = (. + _StackSize)
 *fill*         0x0000000020001170     0x1000 

.stack          0x000000002002f000        0x0
                0x000000002002f000                _vStackBase = .
                0x000000002002f000                . = ALIGN (0x4)
                0x0000000020030000                _vStackTop = (. + _StackSize)
                0x0000000000000000                _image_start = LOADADDR (.text)
                0x0000000000002ac4                _image_end = (LOADADDR (.data) + SIZEOF (.data))
                0x0000000000002ac4                _image_size = (_image_end - _image_start)
OUTPUT(frdmk64f_driver_examples_uart_uart_interrupt.axf elf32-littlearm)

.debug_info     0x0000000000000000     0x67ec
 .debug_info    0x0000000000000000      0x8b3 ./startup/startup_mk64f12.o
 .debug_info    0x00000000000008b3       0x37 ./source/semihost_hardfault.o
 .debug_info    0x00000000000008ea      0xfa1 ./source/uart_interrupt.o
 .debug_info    0x000000000000188b     0x1e85 ./drivers/fsl_clock.o
 .debug_info    0x0000000000003710     0x19d1 ./drivers/fsl_uart.o
 .debug_info    0x00000000000050e1      0xa97 ./board/clock_config.o
 .debug_info    0x0000000000005b78      0x652 ./board/pin_mux.o
 .debug_info    0x00000000000061ca      0x622 ./CMSIS/system_MK64F12.o

.debug_abbrev   0x0000000000000000      0xe9a
 .debug_abbrev  0x0000000000000000      0x159 ./startup/startup_mk64f12.o
 .debug_abbrev  0x0000000000000159       0x2c ./source/semihost_hardfault.o
 .debug_abbrev  0x0000000000000185      0x25f ./source/uart_interrupt.o
 .debug_abbrev  0x00000000000003e4      0x302 ./drivers/fsl_clock.o
 .debug_abbrev  0x00000000000006e6      0x2fc ./drivers/fsl_uart.o
 .debug_abbrev  0x00000000000009e2      0x1ed ./board/clock_config.o
 .debug_abbrev  0x0000000000000bcf      0x192 ./board/pin_mux.o
 .debug_abbrev  0x0000000000000d61      0x139 ./CMSIS/system_MK64F12.o

.debug_aranges  0x0000000000000000      0x798
 .debug_aranges
                0x0000000000000000      0x330 ./startup/startup_mk64f12.o
 .debug_aranges
                0x0000000000000330       0x20 ./source/semihost_hardfault.o
 .debug_aranges
                0x0000000000000350       0x48 ./source/uart_interrupt.o
 .debug_aranges
                0x0000000000000398      0x1e8 ./drivers/fsl_clock.o
 .debug_aranges
                0x0000000000000580      0x170 ./drivers/fsl_uart.o
 .debug_aranges
                0x00000000000006f0       0x50 ./board/clock_config.o
 .debug_aranges
                0x0000000000000740       0x30 ./board/pin_mux.o
 .debug_aranges
                0x0000000000000770       0x28 ./CMSIS/system_MK64F12.o

.debug_ranges   0x0000000000000000      0x718
 .debug_ranges  0x0000000000000000      0x320 ./startup/startup_mk64f12.o
 .debug_ranges  0x0000000000000320       0x10 ./source/semihost_hardfault.o
 .debug_ranges  0x0000000000000330       0x38 ./source/uart_interrupt.o
 .debug_ranges  0x0000000000000368      0x1d8 ./drivers/fsl_clock.o
 .debug_ranges  0x0000000000000540      0x160 ./drivers/fsl_uart.o
 .debug_ranges  0x00000000000006a0       0x40 ./board/clock_config.o
 .debug_ranges  0x00000000000006e0       0x20 ./board/pin_mux.o
 .debug_ranges  0x0000000000000700       0x18 ./CMSIS/system_MK64F12.o

.debug_line     0x0000000000000000     0x23c9
 .debug_line    0x0000000000000000      0x67e ./startup/startup_mk64f12.o
 .debug_line    0x000000000000067e       0x54 ./source/semihost_hardfault.o
 .debug_line    0x00000000000006d2      0x340 ./source/uart_interrupt.o
 .debug_line    0x0000000000000a12      0x994 ./drivers/fsl_clock.o
 .debug_line    0x00000000000013a6      0x9a9 ./drivers/fsl_uart.o
 .debug_line    0x0000000000001d4f      0x2bc ./board/clock_config.o
 .debug_line    0x000000000000200b      0x23a ./board/pin_mux.o
 .debug_line    0x0000000000002245      0x184 ./CMSIS/system_MK64F12.o

.debug_str      0x0000000000000000     0x3d72
 .debug_str     0x0000000000000000      0x93c ./startup/startup_mk64f12.o
                                        0x95e (size before relaxing)
 .debug_str     0x000000000000093c       0x1f ./source/semihost_hardfault.o
                                        0x177 (size before relaxing)
 .debug_str     0x000000000000095b     0x1777 ./source/uart_interrupt.o
                                       0x1949 (size before relaxing)
 .debug_str     0x00000000000020d2     0x101c ./drivers/fsl_clock.o
                                       0x1d1b (size before relaxing)
 .debug_str     0x00000000000030ee      0x7fd ./drivers/fsl_uart.o
                                       0x1e77 (size before relaxing)
 .debug_str     0x00000000000038eb      0x222 ./board/clock_config.o
                                        0xee0 (size before relaxing)
 .debug_str     0x0000000000003b0d      0x164 ./board/pin_mux.o
                                        0x726 (size before relaxing)
 .debug_str     0x0000000000003c71      0x101 ./CMSIS/system_MK64F12.o
                                        0x41a (size before relaxing)

.comment        0x0000000000000000       0x7f
 .comment       0x0000000000000000       0x7f ./startup/startup_mk64f12.o
                                         0x80 (size before relaxing)
 .comment       0x000000000000007f       0x80 ./source/semihost_hardfault.o
 .comment       0x000000000000007f       0x80 ./source/uart_interrupt.o
 .comment       0x000000000000007f       0x80 ./drivers/fsl_clock.o
 .comment       0x000000000000007f       0x80 ./drivers/fsl_uart.o
 .comment       0x000000000000007f       0x80 ./board/clock_config.o
 .comment       0x000000000000007f       0x80 ./board/pin_mux.o
 .comment       0x000000000000007f       0x80 ./CMSIS/system_MK64F12.o
 .comment       0x000000000000007f       0x80 /Applications/MCUXpressoIDE_10.1.0_589/ide/tools/bin/../lib/gcc/arm-none-eabi/6.3.1/../../../../arm-none-eabi/lib/thumb/v7e-m/fpv4-sp/hard/libcr_semihost_nf.a(_cr__main.o)
 .comment       0x000000000000007f       0x80 /Applications/MCUXpressoIDE_10.1.0_589/ide/tools/bin/../lib/gcc/arm-none-eabi/6.3.1/../../../../arm-none-eabi/lib/thumb/v7e-m/fpv4-sp/hard/libcr_semihost_nf.a(_cr_assert.o)
 .comment       0x000000000000007f       0x80 /Applications/MCUXpressoIDE_10.1.0_589/ide/tools/bin/../lib/gcc/arm-none-eabi/6.3.1/../../../../arm-none-eabi/lib/thumb/v7e-m/fpv4-sp/hard/libcr_semihost_nf.a(__ciob.o)
 .comment       0x000000000000007f       0x80 /Applications/MCUXpressoIDE_10.1.0_589/ide/tools/bin/../lib/gcc/arm-none-eabi/6.3.1/../../../../arm-none-eabi/lib/thumb/v7e-m/fpv4-sp/hard/libcr_c.a(memset.o)
 .comment       0x000000000000007f       0x80 /Applications/MCUXpressoIDE_10.1.0_589/ide/tools/bin/../lib/gcc/arm-none-eabi/6.3.1/../../../../arm-none-eabi/lib/thumb/v7e-m/fpv4-sp/hard/libcr_c.a(_deferredlazyseek.o)
 .comment       0x000000000000007f       0x80 /Applications/MCUXpressoIDE_10.1.0_589/ide/tools/bin/../lib/gcc/arm-none-eabi/6.3.1/../../../../arm-none-eabi/lib/thumb/v7e-m/fpv4-sp/hard/libcr_c.a(_fflush.o)
 .comment       0x000000000000007f       0x80 /Applications/MCUXpressoIDE_10.1.0_589/ide/tools/bin/../lib/gcc/arm-none-eabi/6.3.1/../../../../arm-none-eabi/lib/thumb/v7e-m/fpv4-sp/hard/libcr_c.a(_writebuf.o)
 .comment       0x000000000000007f       0x80 /Applications/MCUXpressoIDE_10.1.0_589/ide/tools/bin/../lib/gcc/arm-none-eabi/6.3.1/../../../../arm-none-eabi/lib/thumb/v7e-m/fpv4-sp/hard/libcr_c.a(alloc.o)
 .comment       0x000000000000007f       0x80 /Applications/MCUXpressoIDE_10.1.0_589/ide/tools/bin/../lib/gcc/arm-none-eabi/6.3.1/../../../../arm-none-eabi/lib/thumb/v7e-m/fpv4-sp/hard/libcr_c.a(fputs.o)
 .comment       0x000000000000007f       0x80 /Applications/MCUXpressoIDE_10.1.0_589/ide/tools/bin/../lib/gcc/arm-none-eabi/6.3.1/../../../../arm-none-eabi/lib/thumb/v7e-m/fpv4-sp/hard/libcr_c.a(fseek.o)
 .comment       0x000000000000007f       0x80 /Applications/MCUXpressoIDE_10.1.0_589/ide/tools/bin/../lib/gcc/arm-none-eabi/6.3.1/../../../../arm-none-eabi/lib/thumb/v7e-m/fpv4-sp/hard/libcr_c.a(ftell.o)
 .comment       0x000000000000007f       0x80 /Applications/MCUXpressoIDE_10.1.0_589/ide/tools/bin/../lib/gcc/arm-none-eabi/6.3.1/../../../../arm-none-eabi/lib/thumb/v7e-m/fpv4-sp/hard/libcr_c.a(initio.o)
 .comment       0x000000000000007f       0x80 /Applications/MCUXpressoIDE_10.1.0_589/ide/tools/bin/../lib/gcc/arm-none-eabi/6.3.1/../../../../arm-none-eabi/lib/thumb/v7e-m/fpv4-sp/hard/libcr_c.a(setvbuf.o)
 .comment       0x000000000000007f       0x80 /Applications/MCUXpressoIDE_10.1.0_589/ide/tools/bin/../lib/gcc/arm-none-eabi/6.3.1/../../../../arm-none-eabi/lib/thumb/v7e-m/fpv4-sp/hard/libcr_c.a(strlen.o)
 .comment       0x000000000000007f       0x80 /Applications/MCUXpressoIDE_10.1.0_589/ide/tools/bin/../lib/gcc/arm-none-eabi/6.3.1/../../../../arm-none-eabi/lib/thumb/v7e-m/fpv4-sp/hard/libcr_c.a(__init_alloc.o)
 .comment       0x000000000000007f       0x80 /Applications/MCUXpressoIDE_10.1.0_589/ide/tools/bin/../lib/gcc/arm-none-eabi/6.3.1/../../../../arm-none-eabi/lib/thumb/v7e-m/fpv4-sp/hard/libcr_c.a(_cr_sbrk.o)
 .comment       0x000000000000007f       0x80 /Applications/MCUXpressoIDE_10.1.0_589/ide/tools/bin/../lib/gcc/arm-none-eabi/6.3.1/../../../../arm-none-eabi/lib/thumb/v7e-m/fpv4-sp/hard/libcr_c.a(_fdopen.o)
 .comment       0x000000000000007f       0x80 /Applications/MCUXpressoIDE_10.1.0_589/ide/tools/bin/../lib/gcc/arm-none-eabi/6.3.1/../../../../arm-none-eabi/lib/thumb/v7e-m/fpv4-sp/hard/libcr_c.a(errno.o)
 .comment       0x000000000000007f       0x80 /Applications/MCUXpressoIDE_10.1.0_589/ide/tools/bin/../lib/gcc/arm-none-eabi/6.3.1/../../../../arm-none-eabi/lib/thumb/v7e-m/fpv4-sp/hard/libcr_c.a(fclose.o)
 .comment       0x000000000000007f       0x80 /Applications/MCUXpressoIDE_10.1.0_589/ide/tools/bin/../lib/gcc/arm-none-eabi/6.3.1/../../../../arm-none-eabi/lib/thumb/v7e-m/fpv4-sp/hard/libcr_c.a(fflush.o)
 .comment       0x000000000000007f       0x80 /Applications/MCUXpressoIDE_10.1.0_589/ide/tools/bin/../lib/gcc/arm-none-eabi/6.3.1/../../../../arm-none-eabi/lib/thumb/v7e-m/fpv4-sp/hard/libcr_c.a(remove.o)
 .comment       0x000000000000007f       0x80 /Applications/MCUXpressoIDE_10.1.0_589/ide/tools/bin/../lib/gcc/arm-none-eabi/6.3.1/../../../../arm-none-eabi/lib/thumb/v7e-m/fpv4-sp/hard/libcr_c.a(_cr_check_heap.o)
 .comment       0x000000000000007f       0x80 /Applications/MCUXpressoIDE_10.1.0_589/ide/tools/bin/../lib/gcc/arm-none-eabi/6.3.1/../../../../arm-none-eabi/lib/thumb/v7e-m/fpv4-sp/hard/libcr_c.a(_do_fflush.o)

.ARM.attributes
                0x0000000000000000       0x37
 .ARM.attributes
                0x0000000000000000       0x39 ./startup/startup_mk64f12.o
 .ARM.attributes
                0x0000000000000039       0x39 ./source/semihost_hardfault.o
 .ARM.attributes
                0x0000000000000072       0x39 ./source/uart_interrupt.o
 .ARM.attributes
                0x00000000000000ab       0x39 ./drivers/fsl_clock.o
 .ARM.attributes
                0x00000000000000e4       0x39 ./drivers/fsl_uart.o
 .ARM.attributes
                0x000000000000011d       0x39 ./board/clock_config.o
 .ARM.attributes
                0x0000000000000156       0x39 ./board/pin_mux.o
 .ARM.attributes
                0x000000000000018f       0x39 ./CMSIS/system_MK64F12.o
 .ARM.attributes
                0x00000000000001c8       0x39 /Applications/MCUXpressoIDE_10.1.0_589/ide/tools/bin/../lib/gcc/arm-none-eabi/6.3.1/../../../../arm-none-eabi/lib/thumb/v7e-m/fpv4-sp/hard/libcr_semihost_nf.a(_cr__main.o)
 .ARM.attributes
                0x0000000000000201       0x39 /Applications/MCUXpressoIDE_10.1.0_589/ide/tools/bin/../lib/gcc/arm-none-eabi/6.3.1/../../../../arm-none-eabi/lib/thumb/v7e-m/fpv4-sp/hard/libcr_semihost_nf.a(_cr_assert.o)
 .ARM.attributes
                0x000000000000023a       0x39 /Applications/MCUXpressoIDE_10.1.0_589/ide/tools/bin/../lib/gcc/arm-none-eabi/6.3.1/../../../../arm-none-eabi/lib/thumb/v7e-m/fpv4-sp/hard/libcr_semihost_nf.a(__ciob.o)
 .ARM.attributes
                0x0000000000000273       0x25 /Applications/MCUXpressoIDE_10.1.0_589/ide/tools/bin/../lib/gcc/arm-none-eabi/6.3.1/../../../../arm-none-eabi/lib/thumb/v7e-m/fpv4-sp/hard/libcr_semihost_nf.a(__sys_appexit.o)
 .ARM.attributes
                0x0000000000000298       0x39 /Applications/MCUXpressoIDE_10.1.0_589/ide/tools/bin/../lib/gcc/arm-none-eabi/6.3.1/../../../../arm-none-eabi/lib/thumb/v7e-m/fpv4-sp/hard/libcr_c.a(memset.o)
 .ARM.attributes
                0x00000000000002d1       0x39 /Applications/MCUXpressoIDE_10.1.0_589/ide/tools/bin/../lib/gcc/arm-none-eabi/6.3.1/../../../../arm-none-eabi/lib/thumb/v7e-m/fpv4-sp/hard/libcr_c.a(_deferredlazyseek.o)
 .ARM.attributes
                0x000000000000030a       0x39 /Applications/MCUXpressoIDE_10.1.0_589/ide/tools/bin/../lib/gcc/arm-none-eabi/6.3.1/../../../../arm-none-eabi/lib/thumb/v7e-m/fpv4-sp/hard/libcr_c.a(_fflush.o)
 .ARM.attributes
                0x0000000000000343       0x39 /Applications/MCUXpressoIDE_10.1.0_589/ide/tools/bin/../lib/gcc/arm-none-eabi/6.3.1/../../../../arm-none-eabi/lib/thumb/v7e-m/fpv4-sp/hard/libcr_c.a(_writebuf.o)
 .ARM.attributes
                0x000000000000037c       0x39 /Applications/MCUXpressoIDE_10.1.0_589/ide/tools/bin/../lib/gcc/arm-none-eabi/6.3.1/../../../../arm-none-eabi/lib/thumb/v7e-m/fpv4-sp/hard/libcr_c.a(alloc.o)
 .ARM.attributes
                0x00000000000003b5       0x39 /Applications/MCUXpressoIDE_10.1.0_589/ide/tools/bin/../lib/gcc/arm-none-eabi/6.3.1/../../../../arm-none-eabi/lib/thumb/v7e-m/fpv4-sp/hard/libcr_c.a(fputs.o)
 .ARM.attributes
                0x00000000000003ee       0x39 /Applications/MCUXpressoIDE_10.1.0_589/ide/tools/bin/../lib/gcc/arm-none-eabi/6.3.1/../../../../arm-none-eabi/lib/thumb/v7e-m/fpv4-sp/hard/libcr_c.a(fseek.o)
 .ARM.attributes
                0x0000000000000427       0x39 /Applications/MCUXpressoIDE_10.1.0_589/ide/tools/bin/../lib/gcc/arm-none-eabi/6.3.1/../../../../arm-none-eabi/lib/thumb/v7e-m/fpv4-sp/hard/libcr_c.a(ftell.o)
 .ARM.attributes
                0x0000000000000460       0x39 /Applications/MCUXpressoIDE_10.1.0_589/ide/tools/bin/../lib/gcc/arm-none-eabi/6.3.1/../../../../arm-none-eabi/lib/thumb/v7e-m/fpv4-sp/hard/libcr_c.a(initio.o)
 .ARM.attributes
                0x0000000000000499       0x39 /Applications/MCUXpressoIDE_10.1.0_589/ide/tools/bin/../lib/gcc/arm-none-eabi/6.3.1/../../../../arm-none-eabi/lib/thumb/v7e-m/fpv4-sp/hard/libcr_c.a(setvbuf.o)
 .ARM.attributes
                0x00000000000004d2       0x39 /Applications/MCUXpressoIDE_10.1.0_589/ide/tools/bin/../lib/gcc/arm-none-eabi/6.3.1/../../../../arm-none-eabi/lib/thumb/v7e-m/fpv4-sp/hard/libcr_c.a(strlen.o)
 .ARM.attributes
                0x000000000000050b       0x39 /Applications/MCUXpressoIDE_10.1.0_589/ide/tools/bin/../lib/gcc/arm-none-eabi/6.3.1/../../../../arm-none-eabi/lib/thumb/v7e-m/fpv4-sp/hard/libcr_c.a(__init_alloc.o)
 .ARM.attributes
                0x0000000000000544       0x39 /Applications/MCUXpressoIDE_10.1.0_589/ide/tools/bin/../lib/gcc/arm-none-eabi/6.3.1/../../../../arm-none-eabi/lib/thumb/v7e-m/fpv4-sp/hard/libcr_c.a(_cr_sbrk.o)
 .ARM.attributes
                0x000000000000057d       0x39 /Applications/MCUXpressoIDE_10.1.0_589/ide/tools/bin/../lib/gcc/arm-none-eabi/6.3.1/../../../../arm-none-eabi/lib/thumb/v7e-m/fpv4-sp/hard/libcr_c.a(_fdopen.o)
 .ARM.attributes
                0x00000000000005b6       0x39 /Applications/MCUXpressoIDE_10.1.0_589/ide/tools/bin/../lib/gcc/arm-none-eabi/6.3.1/../../../../arm-none-eabi/lib/thumb/v7e-m/fpv4-sp/hard/libcr_c.a(errno.o)
 .ARM.attributes
                0x00000000000005ef       0x39 /Applications/MCUXpressoIDE_10.1.0_589/ide/tools/bin/../lib/gcc/arm-none-eabi/6.3.1/../../../../arm-none-eabi/lib/thumb/v7e-m/fpv4-sp/hard/libcr_c.a(fclose.o)
 .ARM.attributes
                0x0000000000000628       0x39 /Applications/MCUXpressoIDE_10.1.0_589/ide/tools/bin/../lib/gcc/arm-none-eabi/6.3.1/../../../../arm-none-eabi/lib/thumb/v7e-m/fpv4-sp/hard/libcr_c.a(fflush.o)
 .ARM.attributes
                0x0000000000000661       0x39 /Applications/MCUXpressoIDE_10.1.0_589/ide/tools/bin/../lib/gcc/arm-none-eabi/6.3.1/../../../../arm-none-eabi/lib/thumb/v7e-m/fpv4-sp/hard/libcr_c.a(remove.o)
 .ARM.attributes
                0x000000000000069a       0x39 /Applications/MCUXpressoIDE_10.1.0_589/ide/tools/bin/../lib/gcc/arm-none-eabi/6.3.1/../../../../arm-none-eabi/lib/thumb/v7e-m/fpv4-sp/hard/libcr_c.a(_cr_check_heap.o)
 .ARM.attributes
                0x00000000000006d3       0x39 /Applications/MCUXpressoIDE_10.1.0_589/ide/tools/bin/../lib/gcc/arm-none-eabi/6.3.1/../../../../arm-none-eabi/lib/thumb/v7e-m/fpv4-sp/hard/libcr_c.a(_do_fflush.o)
 .ARM.attributes
                0x000000000000070c       0x25 /Applications/MCUXpressoIDE_10.1.0_589/ide/tools/bin/../lib/gcc/arm-none-eabi/6.3.1/thumb/v7e-m/fpv4-sp/hard/libcr_eabihelpers.a(memcpy.o)
 .ARM.attributes
                0x0000000000000731       0x25 /Applications/MCUXpressoIDE_10.1.0_589/ide/tools/bin/../lib/gcc/arm-none-eabi/6.3.1/../../../../arm-none-eabi/lib/thumb/v7e-m/fpv4-sp/hard/libcr_semihost_nf.a(__sys_close.o)
 .ARM.attributes
                0x0000000000000756       0x25 /Applications/MCUXpressoIDE_10.1.0_589/ide/tools/bin/../lib/gcc/arm-none-eabi/6.3.1/../../../../arm-none-eabi/lib/thumb/v7e-m/fpv4-sp/hard/libcr_semihost_nf.a(__sys_flen.o)
 .ARM.attributes
                0x000000000000077b       0x25 /Applications/MCUXpressoIDE_10.1.0_589/ide/tools/bin/../lib/gcc/arm-none-eabi/6.3.1/../../../../arm-none-eabi/lib/thumb/v7e-m/fpv4-sp/hard/libcr_semihost_nf.a(__sys_istty.o)
 .ARM.attributes
                0x00000000000007a0       0x25 /Applications/MCUXpressoIDE_10.1.0_589/ide/tools/bin/../lib/gcc/arm-none-eabi/6.3.1/../../../../arm-none-eabi/lib/thumb/v7e-m/fpv4-sp/hard/libcr_semihost_nf.a(__sys_remove.o)
 .ARM.attributes
                0x00000000000007c5       0x25 /Applications/MCUXpressoIDE_10.1.0_589/ide/tools/bin/../lib/gcc/arm-none-eabi/6.3.1/../../../../arm-none-eabi/lib/thumb/v7e-m/fpv4-sp/hard/libcr_semihost_nf.a(__sys_seek.o)
 .ARM.attributes
                0x00000000000007ea       0x25 /Applications/MCUXpressoIDE_10.1.0_589/ide/tools/bin/../lib/gcc/arm-none-eabi/6.3.1/../../../../arm-none-eabi/lib/thumb/v7e-m/fpv4-sp/hard/libcr_semihost_nf.a(__sys_tmpnam.o)
 .ARM.attributes
                0x000000000000080f       0x25 /Applications/MCUXpressoIDE_10.1.0_589/ide/tools/bin/../lib/gcc/arm-none-eabi/6.3.1/../../../../arm-none-eabi/lib/thumb/v7e-m/fpv4-sp/hard/libcr_semihost_nf.a(__sys_write.o)

.debug_frame    0x0000000000000000     0x19fc
 .debug_frame   0x0000000000000000      0x904 ./startup/startup_mk64f12.o
 .debug_frame   0x0000000000000904       0x20 ./source/semihost_hardfault.o
 .debug_frame   0x0000000000000924       0xf0 ./source/uart_interrupt.o
 .debug_frame   0x0000000000000a14      0x820 ./drivers/fsl_clock.o
 .debug_frame   0x0000000000001234      0x5ec ./drivers/fsl_uart.o
 .debug_frame   0x0000000000001820      0x108 ./board/clock_config.o
 .debug_frame   0x0000000000001928       0x7c ./board/pin_mux.o
 .debug_frame   0x00000000000019a4       0x58 ./CMSIS/system_MK64F12.o
