Archive member included to satisfy reference by file (symbol)

/Applications/MCUXpressoIDE_10.1.0_589/ide/tools/bin/../lib/gcc/arm-none-eabi/6.3.1/../../../../arm-none-eabi/lib/thumb/v7e-m/fpv4-sp/hard/libcr_semihost_nf.a(_cr__main.o)
                              ./startup/startup_mk64f12.o (__main)
/Applications/MCUXpressoIDE_10.1.0_589/ide/tools/bin/../lib/gcc/arm-none-eabi/6.3.1/../../../../arm-none-eabi/lib/thumb/v7e-m/fpv4-sp/hard/libcr_semihost_nf.a(_cr_assert.o)
                              ./utilities/fsl_debug_console.o (__assertion_failed)
/Applications/MCUXpressoIDE_10.1.0_589/ide/tools/bin/../lib/gcc/arm-none-eabi/6.3.1/../../../../arm-none-eabi/lib/thumb/v7e-m/fpv4-sp/hard/libcr_semihost_nf.a(__ciob.o)
                              /Applications/MCUXpressoIDE_10.1.0_589/ide/tools/bin/../lib/gcc/arm-none-eabi/6.3.1/../../../../arm-none-eabi/lib/thumb/v7e-m/fpv4-sp/hard/libcr_semihost_nf.a(_cr_assert.o) (__Ciob)
/Applications/MCUXpressoIDE_10.1.0_589/ide/tools/bin/../lib/gcc/arm-none-eabi/6.3.1/../../../../arm-none-eabi/lib/thumb/v7e-m/fpv4-sp/hard/libcr_semihost_nf.a(__sys_appexit.o)
                              /Applications/MCUXpressoIDE_10.1.0_589/ide/tools/bin/../lib/gcc/arm-none-eabi/6.3.1/../../../../arm-none-eabi/lib/thumb/v7e-m/fpv4-sp/hard/libcr_semihost_nf.a(_cr_assert.o) (__sys_appexit)
/Applications/MCUXpressoIDE_10.1.0_589/ide/tools/bin/../lib/gcc/arm-none-eabi/6.3.1/../../../../arm-none-eabi/lib/thumb/v7e-m/fpv4-sp/hard/libcr_c.a(memcpy.o)
                              ./drivers/fsl_flash.o (memcpy)
/Applications/MCUXpressoIDE_10.1.0_589/ide/tools/bin/../lib/gcc/arm-none-eabi/6.3.1/../../../../arm-none-eabi/lib/thumb/v7e-m/fpv4-sp/hard/libcr_c.a(memset.o)
                              ./drivers/fsl_flash.o (memset)
/Applications/MCUXpressoIDE_10.1.0_589/ide/tools/bin/../lib/gcc/arm-none-eabi/6.3.1/../../../../arm-none-eabi/lib/thumb/v7e-m/fpv4-sp/hard/libcr_c.a(_deferredlazyseek.o)
                              /Applications/MCUXpressoIDE_10.1.0_589/ide/tools/bin/../lib/gcc/arm-none-eabi/6.3.1/../../../../arm-none-eabi/lib/thumb/v7e-m/fpv4-sp/hard/libcr_semihost_nf.a(_cr_assert.o) (__flsbuf)
/Applications/MCUXpressoIDE_10.1.0_589/ide/tools/bin/../lib/gcc/arm-none-eabi/6.3.1/../../../../arm-none-eabi/lib/thumb/v7e-m/fpv4-sp/hard/libcr_c.a(_fflush.o)
                              /Applications/MCUXpressoIDE_10.1.0_589/ide/tools/bin/../lib/gcc/arm-none-eabi/6.3.1/../../../../arm-none-eabi/lib/thumb/v7e-m/fpv4-sp/hard/libcr_c.a(_deferredlazyseek.o) (_fflush)
/Applications/MCUXpressoIDE_10.1.0_589/ide/tools/bin/../lib/gcc/arm-none-eabi/6.3.1/../../../../arm-none-eabi/lib/thumb/v7e-m/fpv4-sp/hard/libcr_c.a(_writebuf.o)
                              /Applications/MCUXpressoIDE_10.1.0_589/ide/tools/bin/../lib/gcc/arm-none-eabi/6.3.1/../../../../arm-none-eabi/lib/thumb/v7e-m/fpv4-sp/hard/libcr_c.a(_deferredlazyseek.o) (_Cwritebuf)
/Applications/MCUXpressoIDE_10.1.0_589/ide/tools/bin/../lib/gcc/arm-none-eabi/6.3.1/../../../../arm-none-eabi/lib/thumb/v7e-m/fpv4-sp/hard/libcr_c.a(alloc.o)
                              ./source/telemetry/telemetry.o (malloc)
/Applications/MCUXpressoIDE_10.1.0_589/ide/tools/bin/../lib/gcc/arm-none-eabi/6.3.1/../../../../arm-none-eabi/lib/thumb/v7e-m/fpv4-sp/hard/libcr_c.a(fputs.o)
                              /Applications/MCUXpressoIDE_10.1.0_589/ide/tools/bin/../lib/gcc/arm-none-eabi/6.3.1/../../../../arm-none-eabi/lib/thumb/v7e-m/fpv4-sp/hard/libcr_semihost_nf.a(_cr_assert.o) (fputs)
/Applications/MCUXpressoIDE_10.1.0_589/ide/tools/bin/../lib/gcc/arm-none-eabi/6.3.1/../../../../arm-none-eabi/lib/thumb/v7e-m/fpv4-sp/hard/libcr_c.a(fseek.o)
                              /Applications/MCUXpressoIDE_10.1.0_589/ide/tools/bin/../lib/gcc/arm-none-eabi/6.3.1/../../../../arm-none-eabi/lib/thumb/v7e-m/fpv4-sp/hard/libcr_c.a(_deferredlazyseek.o) (fseek)
/Applications/MCUXpressoIDE_10.1.0_589/ide/tools/bin/../lib/gcc/arm-none-eabi/6.3.1/../../../../arm-none-eabi/lib/thumb/v7e-m/fpv4-sp/hard/libcr_c.a(ftell.o)
                              /Applications/MCUXpressoIDE_10.1.0_589/ide/tools/bin/../lib/gcc/arm-none-eabi/6.3.1/../../../../arm-none-eabi/lib/thumb/v7e-m/fpv4-sp/hard/libcr_c.a(fseek.o) (ftell)
/Applications/MCUXpressoIDE_10.1.0_589/ide/tools/bin/../lib/gcc/arm-none-eabi/6.3.1/../../../../arm-none-eabi/lib/thumb/v7e-m/fpv4-sp/hard/libcr_c.a(initio.o)
                              /Applications/MCUXpressoIDE_10.1.0_589/ide/tools/bin/../lib/gcc/arm-none-eabi/6.3.1/../../../../arm-none-eabi/lib/thumb/v7e-m/fpv4-sp/hard/libcr_semihost_nf.a(_cr__main.o) (_initio)
/Applications/MCUXpressoIDE_10.1.0_589/ide/tools/bin/../lib/gcc/arm-none-eabi/6.3.1/../../../../arm-none-eabi/lib/thumb/v7e-m/fpv4-sp/hard/libcr_c.a(printf.o)
                              ./utilities/fsl_assert.o (_printf)
/Applications/MCUXpressoIDE_10.1.0_589/ide/tools/bin/../lib/gcc/arm-none-eabi/6.3.1/../../../../arm-none-eabi/lib/thumb/v7e-m/fpv4-sp/hard/libcr_c.a(setvbuf.o)
[...]
Memory Configuration

Name             Origin             Length             Attributes
PROGRAM_FLASH    0x0000000000000000 0x0000000000100000 xr
SRAM_UPPER       0x0000000020000000 0x0000000000030000 xrw
SRAM_LOWER       0x000000001fff0000 0x0000000000010000 xrw
FLEX_RAM         0x0000000014000000 0x0000000000001000 xrw
*default*        0x0000000000000000 0xffffffffffffffff

Linker script and memory map

LOAD ./utilities/fsl_assert.o
LOAD ./utilities/fsl_debug_console.o
LOAD ./utilities/fsl_io.o
LOAD ./utilities/fsl_log.o
LOAD ./utilities/fsl_str.o
LOAD ./startup/startup_mk64f12.o
LOAD ./source/telemetry/telemetry.o
LOAD ./source/telemetry/telemetry_uart.o
LOAD ./source/main.o
LOAD ./source/semihost_hardfault.o
LOAD ./drivers/fsl_clock.o
LOAD ./drivers/fsl_common.o
LOAD ./drivers/fsl_flash.o
LOAD ./drivers/fsl_gpio.o
LOAD ./drivers/fsl_smc.o
LOAD ./drivers/fsl_uart.o
LOAD ./board/board.o
LOAD ./board/clock_config.o
LOAD ./board/pin_mux.o
LOAD ./CMSIS/system_MK64F12.o
START GROUP
LOAD /Applications/MCUXpressoIDE_10.1.0_589/ide/tools/bin/../lib/gcc/arm-none-eabi/6.3.1/../../../../arm-none-eabi/lib/thumb/v7e-m/fpv4-sp/hard/libcr_semihost_nf.a
LOAD /Applications/MCUXpressoIDE_10.1.0_589/ide/tools/bin/../lib/gcc/arm-none-eabi/6.3.1/../../../../arm-none-eabi/lib/thumb/v7e-m/fpv4-sp/hard/libcr_c.a
LOAD /Applications/MCUXpressoIDE_10.1.0_589/ide/tools/bin/../lib/gcc/arm-none-eabi/6.3.1/thumb/v7e-m/fpv4-sp/hard/libcr_eabihelpers.a
END GROUP
                0x0000000000000000                __base_PROGRAM_FLASH = 0x0
                0x0000000000000000                __base_Flash = 0x0
                0x0000000000100000                __top_PROGRAM_FLASH = 0x100000
                0x0000000000100000                __top_Flash = 0x100000
                0x0000000020000000                __base_SRAM_UPPER = 0x20000000
                0x0000000020000000                __base_RAM = 0x20000000
                0x0000000020030000                __top_SRAM_UPPER = 0x20030000
                0x0000000020030000                __top_RAM = 0x20030000
                0x000000001fff0000                __base_SRAM_LOWER = 0x1fff0000
                0x000000001fff0000                __base_RAM2 = 0x1fff0000
                0x0000000020000000                __top_SRAM_LOWER = 0x20000000
                0x0000000020000000                __top_RAM2 = 0x20000000
                0x0000000014000000                __base_FLEX_RAM = 0x14000000
                0x0000000014000000                __base_RAM3 = 0x14000000
                0x0000000014001000                __top_FLEX_RAM = 0x14001000
                0x0000000014001000                __top_RAM3 = 0x14001000

.text           0x0000000000000000     0x2c1c
 FILL mask 0xff
                0x0000000000000000                __vectors_start__ = ABSOLUTE (.)
 *(.isr_vector)
 .isr_vector    0x0000000000000000      0x198 ./startup/startup_mk64f12.o
                0x0000000000000000                __Vectors
                0x0000000000000000                g_pfnVectors
                0x0000000000000198                . = ALIGN (0x4)
                0x0000000000000198                __section_table_start = .
                0x0000000000000198                __data_section_table = .
                0x0000000000000198        0x4 LONG 0x2c1c LOADADDR (.data)
                0x000000000000019c        0x4 LONG 0x20000000 ADDR (.data)
                0x00000000000001a0        0x4 LONG 0xec SIZEOF (.data)
                0x00000000000001a4        0x4 LONG 0x2c1c LOADADDR (.data_RAM2)
                0x00000000000001a8        0x4 LONG 0x1fff0000 ADDR (.data_RAM2)
                0x00000000000001ac        0x4 LONG 0x0 SIZEOF (.data_RAM2)
                0x00000000000001b0        0x4 LONG 0x2c1c LOADADDR (.data_RAM3)
                0x00000000000001b4        0x4 LONG 0x14000000 ADDR (.data_RAM3)
                0x00000000000001b8        0x4 LONG 0x0 SIZEOF (.data_RAM3)
                0x00000000000001bc                __data_section_table_end = .
                0x00000000000001bc                __bss_section_table = .
                0x00000000000001bc        0x4 LONG 0x200000ec ADDR (.bss)
                0x00000000000001c0        0x4 LONG 0x20c SIZEOF (.bss)
                0x00000000000001c4        0x4 LONG 0x1fff0000 ADDR (.bss_RAM2)
                0x00000000000001c8        0x4 LONG 0x0 SIZEOF (.bss_RAM2)
                0x00000000000001cc        0x4 LONG 0x14000000 ADDR (.bss_RAM3)
                0x00000000000001d0        0x4 LONG 0x0 SIZEOF (.bss_RAM3)
                0x00000000000001d4                __bss_section_table_end = .
                0x00000000000001d4                __section_table_end = .
 *(.after_vectors*)
 .after_vectors.init_data
                0x00000000000001d4       0x1e ./startup/startup_mk64f12.o
                0x00000000000001d4                data_init
 .after_vectors.init_bss
                0x00000000000001f2       0x12 ./startup/startup_mk64f12.o
                0x00000000000001f2                bss_init
 .after_vectors.reset
                0x0000000000000204       0x4c ./startup/startup_mk64f12.o
                0x0000000000000204                ResetISR
 .after_vectors
                0x0000000000000250       0x14 ./startup/startup_mk64f12.o
                0x0000000000000250                NMI_Handler
                0x0000000000000254                MemManage_Handler
                0x0000000000000256                BusFault_Handler
                0x0000000000000258                UsageFault_Handler
                0x000000000000025a                SVC_Handler
                0x000000000000025c                DebugMon_Handler
                0x000000000000025e                PendSV_Handler
                0x0000000000000260                SysTick_Handler
                0x0000000000000262                FTM2_DriverIRQHandler
                0x0000000000000262                PIT2_DriverIRQHandler
                0x0000000000000262                SDHC_DriverIRQHandler
                0x0000000000000262                I2S0_Tx_DriverIRQHandler
                0x0000000000000262                RTC_Seconds_DriverIRQHandler
                0x0000000000000262                DMA6_DriverIRQHandler
                0x0000000000000262                LLWU_DriverIRQHandler
                0x0000000000000262                MCM_DriverIRQHandler
                0x0000000000000262                MCG_DriverIRQHandler
                0x0000000000000262                ENET_1588_Timer_DriverIRQHandler
                0x0000000000000262                I2C2_DriverIRQHandler
                0x0000000000000262                DAC1_DriverIRQHandler
                0x0000000000000262                CMP1_DriverIRQHandler
                0x0000000000000262                FTM0_DriverIRQHandler
                0x0000000000000262                IntDefaultHandler
                0x0000000000000262                USB0_DriverIRQHandler
                0x0000000000000262                UART5_ERR_DriverIRQHandler
                0x0000000000000262                PORTC_DriverIRQHandler
                0x0000000000000262                DMA11_DriverIRQHandler
                0x0000000000000262                DAC0_DriverIRQHandler
                0x0000000000000262                DMA10_DriverIRQHandler
                0x0000000000000262                CMP2_DriverIRQHandler
                0x0000000000000262                UART2_ERR_DriverIRQHandler
                0x0000000000000262                SPI2_DriverIRQHandler
                0x0000000000000262                LVD_LVW_DriverIRQHandler
                0x0000000000000262                PIT0_DriverIRQHandler
                0x0000000000000262                RNG_DriverIRQHandler
                0x0000000000000262                DMA5_DriverIRQHandler
                0x0000000000000262                DMA4_DriverIRQHandler
                0x0000000000000262                USBDCD_DriverIRQHandler
                0x0000000000000262                UART3_ERR_DriverIRQHandler
                0x0000000000000262                DMA3_DriverIRQHandler
                0x0000000000000262                DMA8_DriverIRQHandler
                0x0000000000000262                DMA9_DriverIRQHandler
                0x0000000000000262                UART0_ERR_DriverIRQHandler
                0x0000000000000262                CMT_DriverIRQHandler
                0x0000000000000262                Reserved71_DriverIRQHandler
                0x0000000000000262                ADC1_DriverIRQHandler
                0x0000000000000262                PORTA_DriverIRQHandler
                0x0000000000000262                DMA14_DriverIRQHandler
                0x0000000000000262                PIT3_DriverIRQHandler
                0x0000000000000262                PIT1_DriverIRQHandler
                0x0000000000000262                WDOG_EWM_DriverIRQHandler
                0x0000000000000262                PDB0_DriverIRQHandler
                0x0000000000000262                RTC_DriverIRQHandler
                0x0000000000000262                I2S0_Rx_DriverIRQHandler
                0x0000000000000262                Read_Collision_DriverIRQHandler
                0x0000000000000262                SWI_DriverIRQHandler
                0x0000000000000262                UART4_ERR_DriverIRQHandler
                0x0000000000000262                UART0_LON_DriverIRQHandler
                0x0000000000000262                DMA1_DriverIRQHandler
                0x0000000000000262                I2C1_DriverIRQHandler
                0x0000000000000262                ENET_Receive_DriverIRQHandler
                0x0000000000000262                DMA13_DriverIRQHandler
                0x0000000000000262                ENET_Error_DriverIRQHandler
                0x0000000000000262                DMA15_DriverIRQHandler
                0x0000000000000262                SPI0_DriverIRQHandler
                0x0000000000000262                ADC0_DriverIRQHandler
                0x0000000000000262                CMP0_DriverIRQHandler
                0x0000000000000262                CAN0_DriverIRQHandler
                0x0000000000000262                FTM3_DriverIRQHandler
                0x0000000000000262                UART1_ERR_DriverIRQHandler
                0x0000000000000262                DMA2_DriverIRQHandler
                0x0000000000000262                ENET_Transmit_DriverIRQHandler
                0x0000000000000262                PORTD_DriverIRQHandler
                0x0000000000000262                PORTE_DriverIRQHandler
                0x0000000000000262                FTFE_DriverIRQHandler
                0x0000000000000262                I2C0_DriverIRQHandler
                0x0000000000000262                DMA7_DriverIRQHandler
                0x0000000000000262                DMA0_DriverIRQHandler
                0x0000000000000262                PORTB_DriverIRQHandler
                0x0000000000000262                DMA12_DriverIRQHandler
                0x0000000000000262                SPI1_DriverIRQHandler
                0x0000000000000262                LPTMR0_DriverIRQHandler
                0x0000000000000262                DMA_Error_DriverIRQHandler
                0x0000000000000262                FTM1_DriverIRQHandler
                0x0000000000000400                . = 0x400
 *fill*         0x0000000000000264      0x19c ff
                0x0000000000000400                PROVIDE (__FLASH_CONFIG_START__, .)
 *(.FlashConfig)
 .FlashConfig   0x0000000000000400       0x10 ./startup/startup_mk64f12.o
                0x0000000000000400                Flash_Config
                0x0000000000000410                PROVIDE (__FLASH_CONFIG_END__, .)
                0x0000000000000001                ASSERT (! ((__FLASH_CONFIG_START__ == __FLASH_CONFIG_END__)), Linker Flash Config Support Enabled, but no .FlashConfig section provided within application)
 *(.text*)
 .text.DMA0_IRQHandler
                0x0000000000000410        0x8 ./startup/startup_mk64f12.o
                0x0000000000000410                DMA0_IRQHandler
 .text.DMA1_IRQHandler
                0x0000000000000418        0x8 ./startup/startup_mk64f12.o
                0x0000000000000418                DMA1_IRQHandler
 .text.DMA2_IRQHandler
                0x0000000000000420        0x8 ./startup/startup_mk64f12.o
                0x0000000000000420                DMA2_IRQHandler
 .text.DMA3_IRQHandler
                0x0000000000000428        0x8 ./startup/startup_mk64f12.o
                0x0000000000000428                DMA3_IRQHandler
 .text.DMA4_IRQHandler
                0x0000000000000430        0x8 ./startup/startup_mk64f12.o
                0x0000000000000430                DMA4_IRQHandler
 .text.DMA5_IRQHandler
                0x0000000000000438        0x8 ./startup/startup_mk64f12.o
                0x0000000000000438                DMA5_IRQHandler
 .text.DMA6_IRQHandler
                0x0000000000000440        0x8 ./startup/startup_mk64f12.o
                0x0000000000000440                DMA6_IRQHandler
 .text.DMA7_IRQHandler
                0x0000000000000448        0x8 ./startup/startup_mk64f12.o
                0x0000000000000448                DMA7_IRQHandler
 .text.DMA8_IRQHandler
                0x0000000000000450        0x8 ./startup/startup_mk64f12.o
                0x0000000000000450                DMA8_IRQHandler
 .text.DMA9_IRQHandler
                0x0000000000000458        0x8 ./startup/startup_mk64f12.o
                0x0000000000000458                DMA9_IRQHandler
 .text.DMA10_IRQHandler
                0x0000000000000460        0x8 ./startup/startup_mk64f12.o
                0x0000000000000460                DMA10_IRQHandler
 .text.DMA11_IRQHandler
                0x0000000000000468        0x8 ./startup/startup_mk64f12.o
                0x0000000000000468                DMA11_IRQHandler
 .text.DMA12_IRQHandler
                0x0000000000000470        0x8 ./startup/startup_mk64f12.o
                0x0000000000000470                DMA12_IRQHandler
 .text.DMA13_IRQHandler
                0x0000000000000478        0x8 ./startup/startup_mk64f12.o
                0x0000000000000478                DMA13_IRQHandler
 .text.DMA14_IRQHandler
                0x0000000000000480        0x8 ./startup/startup_mk64f12.o
                0x0000000000000480                DMA14_IRQHandler
 .text.DMA15_IRQHandler
                0x0000000000000488        0x8 ./startup/startup_mk64f12.o
                0x0000000000000488                DMA15_IRQHandler
 .text.DMA_Error_IRQHandler
                0x0000000000000490        0x8 ./startup/startup_mk64f12.o
                0x0000000000000490                DMA_Error_IRQHandler
 .text.MCM_IRQHandler
                0x0000000000000498        0x8 ./startup/startup_mk64f12.o
                0x0000000000000498                MCM_IRQHandler
 .text.FTFE_IRQHandler
                0x00000000000004a0        0x8 ./startup/startup_mk64f12.o
                0x00000000000004a0                FTFE_IRQHandler
 .text.Read_Collision_IRQHandler
                0x00000000000004a8        0x8 ./startup/startup_mk64f12.o
                0x00000000000004a8                Read_Collision_IRQHandler
 .text.LVD_LVW_IRQHandler
                0x00000000000004b0        0x8 ./startup/startup_mk64f12.o
                0x00000000000004b0                LVD_LVW_IRQHandler
 .text.LLWU_IRQHandler
                0x00000000000004b8        0x8 ./startup/startup_mk64f12.o
                0x00000000000004b8                LLWU_IRQHandler
 .text.WDOG_EWM_IRQHandler
                0x00000000000004c0        0x8 ./startup/startup_mk64f12.o
                0x00000000000004c0                WDOG_EWM_IRQHandler
 .text.RNG_IRQHandler
                0x00000000000004c8        0x8 ./startup/startup_mk64f12.o
                0x00000000000004c8                RNG_IRQHandler
 .text.I2C0_IRQHandler
                0x00000000000004d0        0x8 ./startup/startup_mk64f12.o
                0x00000000000004d0                I2C0_IRQHandler
 .text.I2C1_IRQHandler
                0x00000000000004d8        0x8 ./startup/startup_mk64f12.o
                0x00000000000004d8                I2C1_IRQHandler
 .text.SPI0_IRQHandler
                0x00000000000004e0        0x8 ./startup/startup_mk64f12.o
                0x00000000000004e0                SPI0_IRQHandler
 .text.SPI1_IRQHandler
                0x00000000000004e8        0x8 ./startup/startup_mk64f12.o
                0x00000000000004e8                SPI1_IRQHandler
 .text.I2S0_Tx_IRQHandler
                0x00000000000004f0        0x8 ./startup/startup_mk64f12.o
                0x00000000000004f0                I2S0_Tx_IRQHandler
 .text.I2S0_Rx_IRQHandler
                0x00000000000004f8        0x8 ./startup/startup_mk64f12.o
                0x00000000000004f8                I2S0_Rx_IRQHandler
 .text.UART0_LON_IRQHandler
                0x0000000000000500        0x8 ./startup/startup_mk64f12.o
                0x0000000000000500                UART0_LON_IRQHandler
 .text.UART0_RX_TX_IRQHandler
                0x0000000000000508        0x8 ./startup/startup_mk64f12.o
                0x0000000000000508                UART0_RX_TX_IRQHandler
 .text.UART0_ERR_IRQHandler
                0x0000000000000510        0x8 ./startup/startup_mk64f12.o
                0x0000000000000510                UART0_ERR_IRQHandler
 .text.UART1_RX_TX_IRQHandler
                0x0000000000000518        0x8 ./startup/startup_mk64f12.o
                0x0000000000000518                UART1_RX_TX_IRQHandler
 .text.UART1_ERR_IRQHandler
                0x0000000000000520        0x8 ./startup/startup_mk64f12.o
                0x0000000000000520                UART1_ERR_IRQHandler
 .text.UART2_RX_TX_IRQHandler
                0x0000000000000528        0x8 ./startup/startup_mk64f12.o
                0x0000000000000528                UART2_RX_TX_IRQHandler
 .text.UART2_ERR_IRQHandler
                0x0000000000000530        0x8 ./startup/startup_mk64f12.o
                0x0000000000000530                UART2_ERR_IRQHandler
 .text.UART3_RX_TX_IRQHandler
                0x0000000000000538        0x8 ./startup/startup_mk64f12.o
                0x0000000000000538                UART3_RX_TX_IRQHandler
 .text.UART3_ERR_IRQHandler
                0x0000000000000540        0x8 ./startup/startup_mk64f12.o
                0x0000000000000540                UART3_ERR_IRQHandler
 .text.ADC0_IRQHandler
                0x0000000000000548        0x8 ./startup/startup_mk64f12.o
                0x0000000000000548                ADC0_IRQHandler
 .text.CMP0_IRQHandler
                0x0000000000000550        0x8 ./startup/startup_mk64f12.o
                0x0000000000000550                CMP0_IRQHandler
 .text.CMP1_IRQHandler
                0x0000000000000558        0x8 ./startup/startup_mk64f12.o
                0x0000000000000558                CMP1_IRQHandler
 .text.FTM0_IRQHandler
                0x0000000000000560        0x8 ./startup/startup_mk64f12.o
                0x0000000000000560                FTM0_IRQHandler
 .text.FTM1_IRQHandler
                0x0000000000000568        0x8 ./startup/startup_mk64f12.o
                0x0000000000000568                FTM1_IRQHandler
 .text.FTM2_IRQHandler
                0x0000000000000570        0x8 ./startup/startup_mk64f12.o
                0x0000000000000570                FTM2_IRQHandler
 .text.CMT_IRQHandler
                0x0000000000000578        0x8 ./startup/startup_mk64f12.o
                0x0000000000000578                CMT_IRQHandler
 .text.RTC_IRQHandler
                0x0000000000000580        0x8 ./startup/startup_mk64f12.o
                0x0000000000000580                RTC_IRQHandler
 .text.RTC_Seconds_IRQHandler
                0x0000000000000588        0x8 ./startup/startup_mk64f12.o
                0x0000000000000588                RTC_Seconds_IRQHandler
 .text.PIT0_IRQHandler
                0x0000000000000590        0x8 ./startup/startup_mk64f12.o
                0x0000000000000590                PIT0_IRQHandler
 .text.PIT1_IRQHandler
                0x0000000000000598        0x8 ./startup/startup_mk64f12.o
                0x0000000000000598                PIT1_IRQHandler
 .text.PIT2_IRQHandler
                0x00000000000005a0        0x8 ./startup/startup_mk64f12.o
                0x00000000000005a0                PIT2_IRQHandler
 .text.PIT3_IRQHandler
                0x00000000000005a8        0x8 ./startup/startup_mk64f12.o
                0x00000000000005a8                PIT3_IRQHandler
 .text.PDB0_IRQHandler
                0x00000000000005b0        0x8 ./startup/startup_mk64f12.o
                0x00000000000005b0                PDB0_IRQHandler
 .text.USB0_IRQHandler
                0x00000000000005b8        0x8 ./startup/startup_mk64f12.o
                0x00000000000005b8                USB0_IRQHandler
 .text.USBDCD_IRQHandler
                0x00000000000005c0        0x8 ./startup/startup_mk64f12.o
                0x00000000000005c0                USBDCD_IRQHandler
 .text.Reserved71_IRQHandler
                0x00000000000005c8        0x8 ./startup/startup_mk64f12.o
                0x00000000000005c8                Reserved71_IRQHandler
 .text.DAC0_IRQHandler
                0x00000000000005d0        0x8 ./startup/startup_mk64f12.o
                0x00000000000005d0                DAC0_IRQHandler
 .text.MCG_IRQHandler
                0x00000000000005d8        0x8 ./startup/startup_mk64f12.o
                0x00000000000005d8                MCG_IRQHandler
 .text.LPTMR0_IRQHandler
                0x00000000000005e0        0x8 ./startup/startup_mk64f12.o
                0x00000000000005e0                LPTMR0_IRQHandler
 .text.PORTA_IRQHandler
                0x00000000000005e8        0x8 ./startup/startup_mk64f12.o
                0x00000000000005e8                PORTA_IRQHandler
 .text.PORTB_IRQHandler
                0x00000000000005f0        0x8 ./startup/startup_mk64f12.o
                0x00000000000005f0                PORTB_IRQHandler
 .text.PORTC_IRQHandler
                0x00000000000005f8        0x8 ./startup/startup_mk64f12.o
                0x00000000000005f8                PORTC_IRQHandler
 .text.PORTD_IRQHandler
                0x0000000000000600        0x8 ./startup/startup_mk64f12.o
                0x0000000000000600                PORTD_IRQHandler
 .text.PORTE_IRQHandler
                0x0000000000000608        0x8 ./startup/startup_mk64f12.o
                0x0000000000000608                PORTE_IRQHandler
 .text.SWI_IRQHandler
                0x0000000000000610        0x8 ./startup/startup_mk64f12.o
                0x0000000000000610                SWI_IRQHandler
 .text.SPI2_IRQHandler
                0x0000000000000618        0x8 ./startup/startup_mk64f12.o
                0x0000000000000618                SPI2_IRQHandler
 .text.UART4_RX_TX_IRQHandler
                0x0000000000000620        0x8 ./startup/startup_mk64f12.o
                0x0000000000000620                UART4_RX_TX_IRQHandler
 .text.UART4_ERR_IRQHandler
                0x0000000000000628        0x8 ./startup/startup_mk64f12.o
                0x0000000000000628                UART4_ERR_IRQHandler
 .text.UART5_RX_TX_IRQHandler
                0x0000000000000630        0x8 ./startup/startup_mk64f12.o
                0x0000000000000630                UART5_RX_TX_IRQHandler
 .text.UART5_ERR_IRQHandler
                0x0000000000000638        0x8 ./startup/startup_mk64f12.o
                0x0000000000000638                UART5_ERR_IRQHandler
 .text.CMP2_IRQHandler
                0x0000000000000640        0x8 ./startup/startup_mk64f12.o
                0x0000000000000640                CMP2_IRQHandler
 .text.FTM3_IRQHandler
                0x0000000000000648        0x8 ./startup/startup_mk64f12.o
                0x0000000000000648                FTM3_IRQHandler
 .text.DAC1_IRQHandler
                0x0000000000000650        0x8 ./startup/startup_mk64f12.o
                0x0000000000000650                DAC1_IRQHandler
 .text.ADC1_IRQHandler
                0x0000000000000658        0x8 ./startup/startup_mk64f12.o
                0x0000000000000658                ADC1_IRQHandler
 .text.I2C2_IRQHandler
                0x0000000000000660        0x8 ./startup/startup_mk64f12.o
                0x0000000000000660                I2C2_IRQHandler
 .text.CAN0_ORed_Message_buffer_IRQHandler
                0x0000000000000668        0x8 ./startup/startup_mk64f12.o
                0x0000000000000668                CAN0_ORed_Message_buffer_IRQHandler
 .text.CAN0_Bus_Off_IRQHandler
                0x0000000000000670        0x8 ./startup/startup_mk64f12.o
                0x0000000000000670                CAN0_Bus_Off_IRQHandler
 .text.CAN0_Error_IRQHandler
                0x0000000000000678        0x8 ./startup/startup_mk64f12.o
                0x0000000000000678                CAN0_Error_IRQHandler
 .text.CAN0_Tx_Warning_IRQHandler
                0x0000000000000680        0x8 ./startup/startup_mk64f12.o
                0x0000000000000680                CAN0_Tx_Warning_IRQHandler
 .text.CAN0_Rx_Warning_IRQHandler
                0x0000000000000688        0x8 ./startup/startup_mk64f12.o
                0x0000000000000688                CAN0_Rx_Warning_IRQHandler
 .text.CAN0_Wake_Up_IRQHandler
                0x0000000000000690        0x8 ./startup/startup_mk64f12.o
                0x0000000000000690                CAN0_Wake_Up_IRQHandler
 .text.SDHC_IRQHandler
                0x0000000000000698        0x8 ./startup/startup_mk64f12.o
                0x0000000000000698                SDHC_IRQHandler
 .text.ENET_1588_Timer_IRQHandler
                0x00000000000006a0        0x8 ./startup/startup_mk64f12.o
                0x00000000000006a0                ENET_1588_Timer_IRQHandler
 .text.ENET_Transmit_IRQHandler
                0x00000000000006a8        0x8 ./startup/startup_mk64f12.o
                0x00000000000006a8                ENET_Transmit_IRQHandler
 .text.ENET_Receive_IRQHandler
                0x00000000000006b0        0x8 ./startup/startup_mk64f12.o
                0x00000000000006b0                ENET_Receive_IRQHandler
 .text.ENET_Error_IRQHandler
                0x00000000000006b8        0x8 ./startup/startup_mk64f12.o
                0x00000000000006b8                ENET_Error_IRQHandler
 .text.get_header_packet
                0x00000000000006c0       0x88 ./source/telemetry/telemetry.o
                0x00000000000006c0                get_header_packet
 .text.get_data_packet
                0x0000000000000748       0x88 ./source/telemetry/telemetry.o
                0x0000000000000748                get_data_packet
 .text.get_data
                0x00000000000007d0       0xdc ./source/telemetry/telemetry.o
                0x00000000000007d0                get_data
 .text.get_data_length
                0x00000000000008ac       0x3c ./source/telemetry/telemetry.o
                0x00000000000008ac                get_data_length
 .text.get_kvs_length
                0x00000000000008e8       0x94 ./source/telemetry/telemetry.o
                0x00000000000008e8                get_kvs_length
 .text.get_kvs  0x000000000000097c      0x264 ./source/telemetry/telemetry.o
                0x000000000000097c                get_kvs
 .text.register_telemetry_variable
                0x0000000000000be0      0x20c ./source/telemetry/telemetry.o
                0x0000000000000be0                register_telemetry_variable
 .text.new_packet
                0x0000000000000dec       0x30 ./source/telemetry/telemetry.o
                0x0000000000000dec                new_packet
 .text.destroy_packet
                0x0000000000000e1c       0x20 ./source/telemetry/telemetry.o
                0x0000000000000e1c                destroy_packet
 .text.init_telemetry_uart
                0x0000000000000e3c       0x3c ./source/telemetry/telemetry_uart.o
                0x0000000000000e3c                init_telemetry_uart
 .text.transmit_header
                0x0000000000000e78       0x24 ./source/telemetry/telemetry_uart.o
                0x0000000000000e78                transmit_header
 .text.do_io    0x0000000000000e9c       0x2a ./source/telemetry/telemetry_uart.o
                0x0000000000000e9c                do_io
 *fill*         0x0000000000000ec6        0x2 ff
 .text._do_io   0x0000000000000ec8       0x3c ./source/telemetry/telemetry_uart.o
                0x0000000000000ec8                _do_io
 .text.delay    0x0000000000000f04       0x2a ./source/main.o
                0x0000000000000f04                delay
 *fill*         0x0000000000000f2e        0x2 ff
 .text.r2       0x0000000000000f30       0x60 ./source/main.o
                0x0000000000000f30                r2
 .text.main     0x0000000000000f90       0xb4 ./source/main.o
                0x0000000000000f90                main
 .text.HardFault_Handler
                0x0000000000001044       0x2a ./source/semihost_hardfault.o
                0x0000000000001044                HardFault_Handler
 *fill*         0x000000000000106e        0x2 ff
 .text.CLOCK_GetMcgExtClkFreq
                0x0000000000001070       0x78 ./drivers/fsl_clock.o
 .text.CLOCK_GetFllExtRefClkFreq
                0x00000000000010e8       0xcc ./drivers/fsl_clock.o
 .text.CLOCK_GetInternalRefClkSelectFreq
                0x00000000000011b4       0x44 ./drivers/fsl_clock.o
 .text.CLOCK_GetFllRefClkFreq
                0x00000000000011f8       0x2c ./drivers/fsl_clock.o
 .text.CLOCK_GetPll0RefFreq
                0x0000000000001224        0xe ./drivers/fsl_clock.o
 *fill*         0x0000000000001232        0x2 ff
 .text.CLOCK_GetOsc0ErClkFreq
                0x0000000000001234       0x38 ./drivers/fsl_clock.o
                0x0000000000001234                CLOCK_GetOsc0ErClkFreq
 .text.CLOCK_GetEr32kClkFreq
                0x000000000000126c       0x70 ./drivers/fsl_clock.o
                0x000000000000126c                CLOCK_GetEr32kClkFreq
 .text.CLOCK_GetPllFllSelClkFreq
                0x00000000000012dc       0x54 ./drivers/fsl_clock.o
                0x00000000000012dc                CLOCK_GetPllFllSelClkFreq
 .text.CLOCK_GetFreq
                0x0000000000001330      0x148 ./drivers/fsl_clock.o
                0x0000000000001330                CLOCK_GetFreq
 .text.CLOCK_GetOutClkFreq
                0x0000000000001478       0x64 ./drivers/fsl_clock.o
                0x0000000000001478                CLOCK_GetOutClkFreq
 .text.CLOCK_GetFllFreq
                0x00000000000014dc       0x7c ./drivers/fsl_clock.o
                0x00000000000014dc                CLOCK_GetFllFreq
 .text.CLOCK_GetInternalRefClkFreq
                0x0000000000001558       0x24 ./drivers/fsl_clock.o
                0x0000000000001558                CLOCK_GetInternalRefClkFreq
 .text.CLOCK_GetFixedFreqClkFreq
                0x000000000000157c       0x2e ./drivers/fsl_clock.o
                0x000000000000157c                CLOCK_GetFixedFreqClkFreq
 *fill*         0x00000000000015aa        0x2 ff
 .text.CLOCK_GetPll0Freq
                0x00000000000015ac       0x68 ./drivers/fsl_clock.o
                0x00000000000015ac                CLOCK_GetPll0Freq
 .text.CLOCK_EnableClock
                0x0000000000001614       0x36 ./drivers/fsl_uart.o
 *fill*         0x000000000000164a        0x2 ff
 .text.UART_GetInstance
                0x000000000000164c       0x54 ./drivers/fsl_uart.o
                0x000000000000164c                UART_GetInstance
 .text.UART_Init
                0x00000000000016a0      0x2d8 ./drivers/fsl_uart.o
                0x00000000000016a0                UART_Init
 .text.UART_GetDefaultConfig
                0x0000000000001978       0x60 ./drivers/fsl_uart.o
                0x0000000000001978                UART_GetDefaultConfig
 .text.UART_WriteBlocking
                0x00000000000019d8       0x3e ./drivers/fsl_uart.o
                0x00000000000019d8                UART_WriteBlocking
 *fill*         0x0000000000001a16        0x2 ff
 .text.UART0_DriverIRQHandler
                0x0000000000001a18       0x28 ./drivers/fsl_uart.o
                0x0000000000001a18                UART0_DriverIRQHandler
 .text.UART0_RX_TX_DriverIRQHandler
                0x0000000000001a40       0x10 ./drivers/fsl_uart.o
                0x0000000000001a40                UART0_RX_TX_DriverIRQHandler
 .text.UART1_DriverIRQHandler
                0x0000000000001a50       0x28 ./drivers/fsl_uart.o
                0x0000000000001a50                UART1_DriverIRQHandler
 .text.UART1_RX_TX_DriverIRQHandler
                0x0000000000001a78       0x10 ./drivers/fsl_uart.o
                0x0000000000001a78                UART1_RX_TX_DriverIRQHandler
 .text.UART2_DriverIRQHandler
                0x0000000000001a88       0x28 ./drivers/fsl_uart.o
                0x0000000000001a88                UART2_DriverIRQHandler
 .text.UART2_RX_TX_DriverIRQHandler
                0x0000000000001ab0       0x10 ./drivers/fsl_uart.o
                0x0000000000001ab0                UART2_RX_TX_DriverIRQHandler
 .text.UART3_DriverIRQHandler
                0x0000000000001ac0       0x28 ./drivers/fsl_uart.o
                0x0000000000001ac0                UART3_DriverIRQHandler
 .text.UART3_RX_TX_DriverIRQHandler
                0x0000000000001ae8       0x10 ./drivers/fsl_uart.o
                0x0000000000001ae8                UART3_RX_TX_DriverIRQHandler
 .text.UART4_DriverIRQHandler
                0x0000000000001af8       0x28 ./drivers/fsl_uart.o
                0x0000000000001af8                UART4_DriverIRQHandler
 .text.UART4_RX_TX_DriverIRQHandler
                0x0000000000001b20       0x10 ./drivers/fsl_uart.o
                0x0000000000001b20                UART4_RX_TX_DriverIRQHandler
 .text.UART5_DriverIRQHandler
                0x0000000000001b30       0x28 ./drivers/fsl_uart.o
                0x0000000000001b30                UART5_DriverIRQHandler
 .text.UART5_RX_TX_DriverIRQHandler
                0x0000000000001b58       0x10 ./drivers/fsl_uart.o
                0x0000000000001b58                UART5_RX_TX_DriverIRQHandler
 .text.SystemInit
                0x0000000000001b68       0x40 ./CMSIS/system_MK64F12.o
                0x0000000000001b68                SystemInit
 .text.__main   0x0000000000001ba8        0xe /Applications/MCUXpressoIDE_10.1.0_589/ide/tools/bin/../lib/gcc/arm-none-eabi/6.3.1/../../../../arm-none-eabi/lib/thumb/v7e-m/fpv4-sp/hard/libcr_semihost_nf.a(_cr__main.o)
                0x0000000000001ba8                __main
                0x0000000000001ba8                __CR_SEMIHOST
 *fill*         0x0000000000001bb6        0x2 ff
 .text.__assertion_failed
                0x0000000000001bb8       0x4c /Applications/MCUXpressoIDE_10.1.0_589/ide/tools/bin/../lib/gcc/arm-none-eabi/6.3.1/../../../../arm-none-eabi/lib/thumb/v7e-m/fpv4-sp/hard/libcr_semihost_nf.a(_cr_assert.o)
                0x0000000000001bb8                __assertion_failed
 .text.__sys_appexit
                0x0000000000001c04        0xc /Applications/MCUXpressoIDE_10.1.0_589/ide/tools/bin/../lib/gcc/arm-none-eabi/6.3.1/../../../../arm-none-eabi/lib/thumb/v7e-m/fpv4-sp/hard/libcr_semihost_nf.a(__sys_appexit.o)
                0x0000000000001c04                __exit
                0x0000000000001c04                __sys_appexit
 .text.memset   0x0000000000001c10        0x4 /Applications/MCUXpressoIDE_10.1.0_589/ide/tools/bin/../lib/gcc/arm-none-eabi/6.3.1/../../../../arm-none-eabi/lib/thumb/v7e-m/fpv4-sp/hard/libcr_c.a(memset.o)
                0x0000000000001c10                memset
 .text._deferredlazyseek
                0x0000000000001c14       0x40 /Applications/MCUXpressoIDE_10.1.0_589/ide/tools/bin/../lib/gcc/arm-none-eabi/6.3.1/../../../../arm-none-eabi/lib/thumb/v7e-m/fpv4-sp/hard/libcr_c.a(_deferredlazyseek.o)
                0x0000000000001c14                _deferredlazyseek
 .text.__flsbuf
                0x0000000000001c54      0x148 /Applications/MCUXpressoIDE_10.1.0_589/ide/tools/bin/../lib/gcc/arm-none-eabi/6.3.1/../../../../arm-none-eabi/lib/thumb/v7e-m/fpv4-sp/hard/libcr_c.a(_deferredlazyseek.o)
                0x0000000000001c54                __flsbuf
 .text._fflush  0x0000000000001d9c       0x54 /Applications/MCUXpressoIDE_10.1.0_589/ide/tools/bin/../lib/gcc/arm-none-eabi/6.3.1/../../../../arm-none-eabi/lib/thumb/v7e-m/fpv4-sp/hard/libcr_c.a(_fflush.o)
                0x0000000000001d9c                _fflush
 .text._Cwritebuf
                0x0000000000001df0       0x6c /Applications/MCUXpressoIDE_10.1.0_589/ide/tools/bin/../lib/gcc/arm-none-eabi/6.3.1/../../../../arm-none-eabi/lib/thumb/v7e-m/fpv4-sp/hard/libcr_c.a(_writebuf.o)
                0x0000000000001df0                _Cwritebuf
 .text.malloc   0x0000000000001e5c       0xc4 /Applications/MCUXpressoIDE_10.1.0_589/ide/tools/bin/../lib/gcc/arm-none-eabi/6.3.1/../../../../arm-none-eabi/lib/thumb/v7e-m/fpv4-sp/hard/libcr_c.a(alloc.o)
                0x0000000000001e5c                malloc
 .text.free     0x0000000000001f20       0x30 /Applications/MCUXpressoIDE_10.1.0_589/ide/tools/bin/../lib/gcc/arm-none-eabi/6.3.1/../../../../arm-none-eabi/lib/thumb/v7e-m/fpv4-sp/hard/libcr_c.a(alloc.o)
                0x0000000000001f20                free
 .text._Csys_alloc
                0x0000000000001f50       0x20 /Applications/MCUXpressoIDE_10.1.0_589/ide/tools/bin/../lib/gcc/arm-none-eabi/6.3.1/../../../../arm-none-eabi/lib/thumb/v7e-m/fpv4-sp/hard/libcr_c.a(alloc.o)
                0x0000000000001f50                _Csys_alloc
 .text.fputs    0x0000000000001f70       0x2c /Applications/MCUXpressoIDE_10.1.0_589/ide/tools/bin/../lib/gcc/arm-none-eabi/6.3.1/../../../../arm-none-eabi/lib/thumb/v7e-m/fpv4-sp/hard/libcr_c.a(fputs.o)
                0x0000000000001f70                fputs
 .text.fseek    0x0000000000001f9c      0x100 /Applications/MCUXpressoIDE_10.1.0_589/ide/tools/bin/../lib/gcc/arm-none-eabi/6.3.1/../../../../arm-none-eabi/lib/thumb/v7e-m/fpv4-sp/hard/libcr_c.a(fseek.o)
                0x0000000000001f9c                fseek
 .text.ftell    0x000000000000209c       0x48 /Applications/MCUXpressoIDE_10.1.0_589/ide/tools/bin/../lib/gcc/arm-none-eabi/6.3.1/../../../../arm-none-eabi/lib/thumb/v7e-m/fpv4-sp/hard/libcr_c.a(ftell.o)
                0x000000000000209c                ftell
 .text._initio  0x00000000000020e4       0x78 /Applications/MCUXpressoIDE_10.1.0_589/ide/tools/bin/../lib/gcc/arm-none-eabi/6.3.1/../../../../arm-none-eabi/lib/thumb/v7e-m/fpv4-sp/hard/libcr_c.a(initio.o)
                0x00000000000020e4                _initio
 .text.setvbuf  0x000000000000215c       0x40 /Applications/MCUXpressoIDE_10.1.0_589/ide/tools/bin/../lib/gcc/arm-none-eabi/6.3.1/../../../../arm-none-eabi/lib/thumb/v7e-m/fpv4-sp/hard/libcr_c.a(setvbuf.o)
                0x000000000000215c                setvbuf
 .text.rand     0x000000000000219c       0x3c /Applications/MCUXpressoIDE_10.1.0_589/ide/tools/bin/../lib/gcc/arm-none-eabi/6.3.1/../../../../arm-none-eabi/lib/thumb/v7e-m/fpv4-sp/hard/libcr_c.a(stdlib.o)
                0x000000000000219c                rand
 .text.strcmp   0x00000000000021d8       0x46 /Applications/MCUXpressoIDE_10.1.0_589/ide/tools/bin/../lib/gcc/arm-none-eabi/6.3.1/../../../../arm-none-eabi/lib/thumb/v7e-m/fpv4-sp/hard/libcr_c.a(strcmp.o)
                0x00000000000021d8                strcmp
 .text.strcpy   0x000000000000221e       0x42 /Applications/MCUXpressoIDE_10.1.0_589/ide/tools/bin/../lib/gcc/arm-none-eabi/6.3.1/../../../../arm-none-eabi/lib/thumb/v7e-m/fpv4-sp/hard/libcr_c.a(strcpy.o)
                0x000000000000221e                strcpy
 .text.strlen   0x0000000000002260       0x4a /Applications/MCUXpressoIDE_10.1.0_589/ide/tools/bin/../lib/gcc/arm-none-eabi/6.3.1/../../../../arm-none-eabi/lib/thumb/v7e-m/fpv4-sp/hard/libcr_c.a(strlen.o)
                0x0000000000002260                strlen
 *fill*         0x00000000000022aa        0x2 ff
 .text._sbrk    0x00000000000022ac       0x3c /Applications/MCUXpressoIDE_10.1.0_589/ide/tools/bin/../lib/gcc/arm-none-eabi/6.3.1/../../../../arm-none-eabi/lib/thumb/v7e-m/fpv4-sp/hard/libcr_c.a(_cr_sbrk.o)
                0x00000000000022ac                _sbrk
 .text._fdopen  0x00000000000022e8       0x68 /Applications/MCUXpressoIDE_10.1.0_589/ide/tools/bin/../lib/gcc/arm-none-eabi/6.3.1/../../../../arm-none-eabi/lib/thumb/v7e-m/fpv4-sp/hard/libcr_c.a(_fdopen.o)
                0x00000000000022e8                _fdopen
 .text.fclose   0x0000000000002350       0x58 /Applications/MCUXpressoIDE_10.1.0_589/ide/tools/bin/../lib/gcc/arm-none-eabi/6.3.1/../../../../arm-none-eabi/lib/thumb/v7e-m/fpv4-sp/hard/libcr_c.a(fclose.o)
                0x0000000000002350                fclose
 .text.fflush   0x00000000000023a8       0x44 /Applications/MCUXpressoIDE_10.1.0_589/ide/tools/bin/../lib/gcc/arm-none-eabi/6.3.1/../../../../arm-none-eabi/lib/thumb/v7e-m/fpv4-sp/hard/libcr_c.a(fflush.o)
                0x00000000000023a8                fflush
 .text.remove   0x00000000000023ec       0x14 /Applications/MCUXpressoIDE_10.1.0_589/ide/tools/bin/../lib/gcc/arm-none-eabi/6.3.1/../../../../arm-none-eabi/lib/thumb/v7e-m/fpv4-sp/hard/libcr_c.a(remove.o)
                0x00000000000023ec                remove
 .text.__check_heap_overflow
                0x0000000000002400       0x18 /Applications/MCUXpressoIDE_10.1.0_589/ide/tools/bin/../lib/gcc/arm-none-eabi/6.3.1/../../../../arm-none-eabi/lib/thumb/v7e-m/fpv4-sp/hard/libcr_c.a(_cr_check_heap.o)
                0x0000000000002400                __check_heap_overflow
 .text._do_fflush
                0x0000000000002418       0x40 /Applications/MCUXpressoIDE_10.1.0_589/ide/tools/bin/../lib/gcc/arm-none-eabi/6.3.1/../../../../arm-none-eabi/lib/thumb/v7e-m/fpv4-sp/hard/libcr_c.a(_do_fflush.o)
                0x0000000000002418                _do_fflush
 .text.__aeabi_memset_lowlevel
                0x0000000000002458       0x32 /Applications/MCUXpressoIDE_10.1.0_589/ide/tools/bin/../lib/gcc/arm-none-eabi/6.3.1/thumb/v7e-m/fpv4-sp/hard/libcr_eabihelpers.a(memcpy.o)
                0x0000000000002458                __aeabi_lowlevel_memset
 .text.__sys_close
                0x000000000000248a        0xc /Applications/MCUXpressoIDE_10.1.0_589/ide/tools/bin/../lib/gcc/arm-none-eabi/6.3.1/../../../../arm-none-eabi/lib/thumb/v7e-m/fpv4-sp/hard/libcr_semihost_nf.a(__sys_close.o)
                0x000000000000248a                __sys_close
 .text.__sys_flen
                0x0000000000002496        0xc /Applications/MCUXpressoIDE_10.1.0_589/ide/tools/bin/../lib/gcc/arm-none-eabi/6.3.1/../../../../arm-none-eabi/lib/thumb/v7e-m/fpv4-sp/hard/libcr_semihost_nf.a(__sys_flen.o)
                0x0000000000002496                __sys_flen
 .text.__sys_istty
                0x00000000000024a2        0xc /Applications/MCUXpressoIDE_10.1.0_589/ide/tools/bin/../lib/gcc/arm-none-eabi/6.3.1/../../../../arm-none-eabi/lib/thumb/v7e-m/fpv4-sp/hard/libcr_semihost_nf.a(__sys_istty.o)
                0x00000000000024a2                __sys_istty
 .text.__sys_remove
                0x00000000000024ae        0xc /Applications/MCUXpressoIDE_10.1.0_589/ide/tools/bin/../lib/gcc/arm-none-eabi/6.3.1/../../../../arm-none-eabi/lib/thumb/v7e-m/fpv4-sp/hard/libcr_semihost_nf.a(__sys_remove.o)
                0x00000000000024ae                __sys_remove
 .text.__sys_seek
                0x00000000000024ba        0xc /Applications/MCUXpressoIDE_10.1.0_589/ide/tools/bin/../lib/gcc/arm-none-eabi/6.3.1/../../../../arm-none-eabi/lib/thumb/v7e-m/fpv4-sp/hard/libcr_semihost_nf.a(__sys_seek.o)
                0x00000000000024ba                __sys_seek
 .text.__sys_tmpnam
                0x00000000000024c6        0xc /Applications/MCUXpressoIDE_10.1.0_589/ide/tools/bin/../lib/gcc/arm-none-eabi/6.3.1/../../../../arm-none-eabi/lib/thumb/v7e-m/fpv4-sp/hard/libcr_semihost_nf.a(__sys_tmpnam.o)
                0x00000000000024c6                __sys_tmpnam
 .text.__sys_write
                0x00000000000024d2        0xc /Applications/MCUXpressoIDE_10.1.0_589/ide/tools/bin/../lib/gcc/arm-none-eabi/6.3.1/../../../../arm-none-eabi/lib/thumb/v7e-m/fpv4-sp/hard/libcr_semihost_nf.a(__sys_write.o)
                0x00000000000024d2                __sys_write
 *(.rodata .rodata.* .constdata .constdata.*)
 *fill*         0x00000000000024de        0x2 ff
 .rodata        0x00000000000024e0       0x1c ./source/telemetry/telemetry.o
 .rodata        0x00000000000024fc       0x4b ./source/main.o
 *fill*         0x0000000000002547        0x1 ff
 .rodata        0x0000000000002548      0x149 ./drivers/fsl_clock.o
 *fill*         0x0000000000002691        0x3 ff
 .rodata.fllFactorTable.7491
                0x0000000000002694       0x10 ./drivers/fsl_clock.o
 .rodata.s_uartBases
                0x00000000000026a4       0x18 ./drivers/fsl_uart.o
 .rodata.s_uartClock
                0x00000000000026bc       0x18 ./drivers/fsl_uart.o
 .rodata        0x00000000000026d4      0x513 ./drivers/fsl_uart.o
 .rodata.__assertion_failed.str1.1
                0x0000000000002be7       0x15 /Applications/MCUXpressoIDE_10.1.0_589/ide/tools/bin/../lib/gcc/arm-none-eabi/6.3.1/../../../../arm-none-eabi/lib/thumb/v7e-m/fpv4-sp/hard/libcr_semihost_nf.a(_cr_assert.o)
 .rodata.__num_Ciob_streams
                0x0000000000002bfc        0x4 /Applications/MCUXpressoIDE_10.1.0_589/ide/tools/bin/../lib/gcc/arm-none-eabi/6.3.1/../../../../arm-none-eabi/lib/thumb/v7e-m/fpv4-sp/hard/libcr_semihost_nf.a(__ciob.o)
                0x0000000000002bfc                __num_Ciob_streams
 .rodata._Csys_alloc.str1.1
                0x0000000000002c00       0x18 /Applications/MCUXpressoIDE_10.1.0_589/ide/tools/bin/../lib/gcc/arm-none-eabi/6.3.1/../../../../arm-none-eabi/lib/thumb/v7e-m/fpv4-sp/hard/libcr_c.a(alloc.o)
 .rodata._initio.str1.1
                0x0000000000002c18        0x4 /Applications/MCUXpressoIDE_10.1.0_589/ide/tools/bin/../lib/gcc/arm-none-eabi/6.3.1/../../../../arm-none-eabi/lib/thumb/v7e-m/fpv4-sp/hard/libcr_c.a(initio.o)
                0x0000000000002c1c                . = ALIGN (0x4)

.glue_7         0x0000000000002c1c        0x0
 .glue_7        0x0000000000002c1c        0x0 linker stubs

.glue_7t        0x0000000000002c1c        0x0
 .glue_7t       0x0000000000002c1c        0x0 linker stubs

.vfp11_veneer   0x0000000000002c1c        0x0
 .vfp11_veneer  0x0000000000002c1c        0x0 linker stubs

.v4_bx          0x0000000000002c1c        0x0
 .v4_bx         0x0000000000002c1c        0x0 linker stubs

.iplt           0x0000000000002c1c        0x0
 .iplt          0x0000000000002c1c        0x0 ./utilities/fsl_assert.o

.rel.dyn        0x0000000000002c1c        0x0
 .rel.iplt      0x0000000000002c1c        0x0 ./utilities/fsl_assert.o

.ARM.extab
 *(.ARM.extab* .gnu.linkonce.armextab.*)
                0x0000000000002c1c                __exidx_start = .

.ARM.exidx
 *(.ARM.exidx* .gnu.linkonce.armexidx.*)
                0x0000000000002c1c                __exidx_end = .
                0x0000000000002c1c                _etext = .

.m_usb_data
 *(m_usb_bdt)

.data_RAM2      0x000000001fff0000        0x0 load address 0x0000000000002c1c
 FILL mask 0xff
                [!provide]                        PROVIDE (__start_data_RAM2, .)
 *(.ramfunc.$RAM2)
 *(.ramfunc.$SRAM_LOWER)
 *(.data.$RAM2*)
 *(.data.$SRAM_LOWER*)
                0x000000001fff0000                . = ALIGN (0x4)
                [!provide]                        PROVIDE (__end_data_RAM2, .)

.data_RAM3      0x0000000014000000        0x0 load address 0x0000000000002c1c
 FILL mask 0xff
                [!provide]                        PROVIDE (__start_data_RAM3, .)
 *(.ramfunc.$RAM3)
 *(.ramfunc.$FLEX_RAM)
 *(.data.$RAM3*)
 *(.data.$FLEX_RAM*)
                0x0000000014000000                . = ALIGN (0x4)
                [!provide]                        PROVIDE (__end_data_RAM3, .)

.uninit_RESERVED
                0x0000000020000000        0x0
 *(.bss.$RESERVED*)
                0x0000000020000000                . = ALIGN (0x4)
                0x0000000020000000                _end_uninit_RESERVED = .

.data           0x0000000020000000       0xec load address 0x0000000000002c1c
 FILL mask 0xff
                0x0000000020000000                _data = .
 *(vtable)
 *(.ramfunc*)
 *(.data*)
 .data.s_slowIrcFreq
                0x0000000020000000        0x4 ./drivers/fsl_clock.o
 .data.s_fastIrcFreq
                0x0000000020000004        0x4 ./drivers/fsl_clock.o
 .data._random_j
                0x0000000020000008        0x4 /Applications/MCUXpressoIDE_10.1.0_589/ide/tools/bin/../lib/gcc/arm-none-eabi/6.3.1/../../../../arm-none-eabi/lib/thumb/v7e-m/fpv4-sp/hard/libcr_c.a(stdlib.o)
 .data._random_k
                0x000000002000000c        0x4 /Applications/MCUXpressoIDE_10.1.0_589/ide/tools/bin/../lib/gcc/arm-none-eabi/6.3.1/../../../../arm-none-eabi/lib/thumb/v7e-m/fpv4-sp/hard/libcr_c.a(stdlib.o)
 .data._random_number_seed
                0x0000000020000010       0xdc /Applications/MCUXpressoIDE_10.1.0_589/ide/tools/bin/../lib/gcc/arm-none-eabi/6.3.1/../../../../arm-none-eabi/lib/thumb/v7e-m/fpv4-sp/hard/libcr_c.a(stdlib.o)
                0x00000000200000ec                . = ALIGN (0x4)
                0x00000000200000ec                _edata = .

.igot.plt       0x00000000200000ec        0x0 load address 0x0000000000002d08
 .igot.plt      0x00000000200000ec        0x0 ./utilities/fsl_assert.o

.bss_RAM2       0x000000001fff0000        0x0
                [!provide]                        PROVIDE (__start_bss_RAM2, .)
 *(.bss.$RAM2*)
 *(.bss.$SRAM_LOWER*)
                0x000000001fff0000                . = ALIGN ((. != 0x0)?0x4:0x1)
                [!provide]                        PROVIDE (__end_bss_RAM2, .)

.bss_RAM3       0x0000000014000000        0x0
                [!provide]                        PROVIDE (__start_bss_RAM3, .)
 *(.bss.$RAM3*)
 *(.bss.$FLEX_RAM*)
                0x0000000014000000                . = ALIGN ((. != 0x0)?0x4:0x1)
                [!provide]                        PROVIDE (__end_bss_RAM3, .)

.bss            0x00000000200000ec      0x20c
                0x00000000200000ec                _bss = .
 *(.bss*)
 .bss.telemetry_data
                0x00000000200000ec      0x118 ./source/telemetry/telemetry.o
                0x00000000200000ec                telemetry_data
 .bss.data_len  0x0000000020000204        0x1 ./source/telemetry/telemetry.o
                0x0000000020000204                data_len
 .bss.sequence_num
                0x0000000020000205        0x1 ./source/telemetry/telemetry.o
                0x0000000020000205                sequence_num
 .bss.header_sent
                0x0000000020000206        0x1 ./source/telemetry/telemetry_uart.o
                0x0000000020000206                header_sent
 *fill*         0x0000000020000207        0x1 
 .bss.motor_pwm
                0x0000000020000208        0x4 ./source/main.o
                0x0000000020000208                motor_pwm
 .bss.servo_pwm
                0x000000002000020c        0x4 ./source/main.o
                0x000000002000020c                servo_pwm
 .bss.time      0x0000000020000210        0x4 ./source/main.o
                0x0000000020000210                time
 .bss.g_xtal0Freq
                0x0000000020000214        0x4 ./drivers/fsl_clock.o
                0x0000000020000214                g_xtal0Freq
 .bss.g_xtal32Freq
                0x0000000020000218        0x4 ./drivers/fsl_clock.o
                0x0000000020000218                g_xtal32Freq
 .bss.s_uartHandle
                0x000000002000021c       0x18 ./drivers/fsl_uart.o
 .bss.s_uartIsr
                0x0000000020000234        0x4 ./drivers/fsl_uart.o
 .bss.__Ciob    0x0000000020000238       0xb4 /Applications/MCUXpressoIDE_10.1.0_589/ide/tools/bin/../lib/gcc/arm-none-eabi/6.3.1/../../../../arm-none-eabi/lib/thumb/v7e-m/fpv4-sp/hard/libcr_semihost_nf.a(__ciob.o)
                0x0000000020000238                __Ciob
 .bss.__end_of_heap
                0x00000000200002ec        0x4 /Applications/MCUXpressoIDE_10.1.0_589/ide/tools/bin/../lib/gcc/arm-none-eabi/6.3.1/../../../../arm-none-eabi/lib/thumb/v7e-m/fpv4-sp/hard/libcr_c.a(__init_alloc.o)
                0x00000000200002ec                __end_of_heap
 .bss.__heaps   0x00000000200002f0        0x4 /Applications/MCUXpressoIDE_10.1.0_589/ide/tools/bin/../lib/gcc/arm-none-eabi/6.3.1/../../../../arm-none-eabi/lib/thumb/v7e-m/fpv4-sp/hard/libcr_c.a(__init_alloc.o)
                0x00000000200002f0                __heaps
 .bss.errno     0x00000000200002f4        0x4 /Applications/MCUXpressoIDE_10.1.0_589/ide/tools/bin/../lib/gcc/arm-none-eabi/6.3.1/../../../../arm-none-eabi/lib/thumb/v7e-m/fpv4-sp/hard/libcr_c.a(errno.o)
                0x00000000200002f4                errno
 *(COMMON)
                0x00000000200002f8                . = ALIGN (0x4)
                0x00000000200002f8                _ebss = .
                [!provide]                        PROVIDE (end, .)

.noinit_RAM2    0x000000001fff0000        0x0
 *(.noinit.$RAM2*)
 *(.noinit.$SRAM_LOWER*)
                0x000000001fff0000                . = ALIGN (0x4)

.noinit_RAM3    0x0000000014000000        0x0
 *(.noinit.$RAM3*)
 *(.noinit.$FLEX_RAM*)
                0x0000000014000000                . = ALIGN (0x4)

.noinit         0x00000000200002f8        0x0
                0x00000000200002f8                _noinit = .
 *(.noinit*)
                0x00000000200002f8                . = ALIGN (0x4)
                0x00000000200002f8                _end_noinit = .
                0x0000000000001000                _HeapSize = 0x1000

.heap           0x00000000200002f8     0x1000
                0x00000000200002f8                _pvHeapStart = .
                0x00000000200012f8                . = (. + _HeapSize)
 *fill*         0x00000000200002f8     0x1000 
                0x00000000200012f8                . = ALIGN (0x4)
                0x00000000200012f8                _pvHeapLimit = .
                0x0000000000001000                _StackSize = 0x1000

.heap2stackfill
                0x00000000200012f8     0x1000
                0x00000000200022f8                . = (. + _StackSize)
 *fill*         0x00000000200012f8     0x1000 

.stack          0x000000002002f000        0x0
                0x000000002002f000                _vStackBase = .
                0x000000002002f000                . = ALIGN (0x4)
                0x0000000020030000                _vStackTop = (. + _StackSize)
                0x0000000000000000                _image_start = LOADADDR (.text)
                0x0000000000002d08                _image_end = (LOADADDR (.data) + SIZEOF (.data))
                0x0000000000002d08                _image_size = (_image_end - _image_start)
OUTPUT(frdmk64f_telemetry.axf elf32-littlearm)

.debug_info     0x0000000000000000     0x5a64
 .debug_info    0x0000000000000000      0x8b3 ./startup/startup_mk64f12.o
 .debug_info    0x00000000000008b3      0x574 ./source/telemetry/telemetry.o
 .debug_info    0x0000000000000e27      0x719 ./source/telemetry/telemetry_uart.o
 .debug_info    0x0000000000001540      0x675 ./source/main.o
 .debug_info    0x0000000000001bb5       0x37 ./source/semihost_hardfault.o
 .debug_info    0x0000000000001bec     0x1e85 ./drivers/fsl_clock.o
 .debug_info    0x0000000000003a71     0x19d1 ./drivers/fsl_uart.o
 .debug_info    0x0000000000005442      0x622 ./CMSIS/system_MK64F12.o

.debug_abbrev   0x0000000000000000      0xd78
 .debug_abbrev  0x0000000000000000      0x159 ./startup/startup_mk64f12.o
 .debug_abbrev  0x0000000000000159      0x17a ./source/telemetry/telemetry.o
 .debug_abbrev  0x00000000000002d3      0x1b8 ./source/telemetry/telemetry_uart.o
 .debug_abbrev  0x000000000000048b      0x18a ./source/main.o
 .debug_abbrev  0x0000000000000615       0x2c ./source/semihost_hardfault.o
 .debug_abbrev  0x0000000000000641      0x302 ./drivers/fsl_clock.o
 .debug_abbrev  0x0000000000000943      0x2fc ./drivers/fsl_uart.o
 .debug_abbrev  0x0000000000000c3f      0x139 ./CMSIS/system_MK64F12.o

.debug_aranges  0x0000000000000000      0x7a0
 .debug_aranges
                0x0000000000000000      0x330 ./startup/startup_mk64f12.o
 .debug_aranges
                0x0000000000000330       0x60 ./source/telemetry/telemetry.o
 .debug_aranges
                0x0000000000000390       0x38 ./source/telemetry/telemetry_uart.o
 .debug_aranges
                0x00000000000003c8       0x38 ./source/main.o
 .debug_aranges
                0x0000000000000400       0x20 ./source/semihost_hardfault.o
 .debug_aranges
                0x0000000000000420      0x1e8 ./drivers/fsl_clock.o
 .debug_aranges
                0x0000000000000608      0x170 ./drivers/fsl_uart.o
 .debug_aranges
                0x0000000000000778       0x28 ./CMSIS/system_MK64F12.o

.debug_ranges   0x0000000000000000      0x720
 .debug_ranges  0x0000000000000000      0x320 ./startup/startup_mk64f12.o
 .debug_ranges  0x0000000000000320       0x50 ./source/telemetry/telemetry.o
 .debug_ranges  0x0000000000000370       0x28 ./source/telemetry/telemetry_uart.o
 .debug_ranges  0x0000000000000398       0x28 ./source/main.o
 .debug_ranges  0x00000000000003c0       0x10 ./source/semihost_hardfault.o
 .debug_ranges  0x00000000000003d0      0x1d8 ./drivers/fsl_clock.o
 .debug_ranges  0x00000000000005a8      0x160 ./drivers/fsl_uart.o
 .debug_ranges  0x0000000000000708       0x18 ./CMSIS/system_MK64F12.o

.debug_line     0x0000000000000000     0x22a2
 .debug_line    0x0000000000000000      0x67e ./startup/startup_mk64f12.o
 .debug_line    0x000000000000067e      0x298 ./source/telemetry/telemetry.o
 .debug_line    0x0000000000000916      0x221 ./source/telemetry/telemetry_uart.o
 .debug_line    0x0000000000000b37      0x256 ./source/main.o
 .debug_line    0x0000000000000d8d       0x54 ./source/semihost_hardfault.o
 .debug_line    0x0000000000000de1      0x994 ./drivers/fsl_clock.o
 .debug_line    0x0000000000001775      0x9a9 ./drivers/fsl_uart.o
 .debug_line    0x000000000000211e      0x184 ./CMSIS/system_MK64F12.o

.debug_str      0x0000000000000000     0x3c5c
 .debug_str     0x0000000000000000      0x93c ./startup/startup_mk64f12.o
                                        0x95e (size before relaxing)
 .debug_str     0x000000000000093c      0x2d9 ./source/telemetry/telemetry.o
                                        0x431 (size before relaxing)
 .debug_str     0x0000000000000c15      0x98f ./source/telemetry/telemetry_uart.o
                                        0xba8 (size before relaxing)
 .debug_str     0x00000000000015a4      0x3e2 ./source/main.o
                                        0xb63 (size before relaxing)
 .debug_str     0x0000000000001986       0x1f ./source/semihost_hardfault.o
                                        0x177 (size before relaxing)
 .debug_str     0x00000000000019a5     0x10c4 ./drivers/fsl_clock.o
                                       0x1d1b (size before relaxing)
 .debug_str     0x0000000000002a69     0x10f2 ./drivers/fsl_uart.o
                                       0x1e77 (size before relaxing)
 .debug_str     0x0000000000003b5b      0x101 ./CMSIS/system_MK64F12.o
                                        0x41a (size before relaxing)

.comment        0x0000000000000000       0x7f
 .comment       0x0000000000000000       0x7f ./startup/startup_mk64f12.o
                                         0x80 (size before relaxing)
 .comment       0x000000000000007f       0x80 ./source/telemetry/telemetry.o
 .comment       0x000000000000007f       0x80 ./source/telemetry/telemetry_uart.o
 .comment       0x000000000000007f       0x80 ./source/main.o
 .comment       0x000000000000007f       0x80 ./source/semihost_hardfault.o
 .comment       0x000000000000007f       0x80 ./drivers/fsl_clock.o
 .comment       0x000000000000007f       0x80 ./drivers/fsl_uart.o
 .comment       0x000000000000007f       0x80 ./CMSIS/system_MK64F12.o
 .comment       0x000000000000007f       0x80 /Applications/MCUXpressoIDE_10.1.0_589/ide/tools/bin/../lib/gcc/arm-none-eabi/6.3.1/../../../../arm-none-eabi/lib/thumb/v7e-m/fpv4-sp/hard/libcr_semihost_nf.a(_cr__main.o)
 .comment       0x000000000000007f       0x80 /Applications/MCUXpressoIDE_10.1.0_589/ide/tools/bin/../lib/gcc/arm-none-eabi/6.3.1/../../../../arm-none-eabi/lib/thumb/v7e-m/fpv4-sp/hard/libcr_semihost_nf.a(_cr_assert.o)
 .comment       0x000000000000007f       0x80 /Applications/MCUXpressoIDE_10.1.0_589/ide/tools/bin/../lib/gcc/arm-none-eabi/6.3.1/../../../../arm-none-eabi/lib/thumb/v7e-m/fpv4-sp/hard/libcr_semihost_nf.a(__ciob.o)
 .comment       0x000000000000007f       0x80 /Applications/MCUXpressoIDE_10.1.0_589/ide/tools/bin/../lib/gcc/arm-none-eabi/6.3.1/../../../../arm-none-eabi/lib/thumb/v7e-m/fpv4-sp/hard/libcr_c.a(memset.o)
 .comment       0x000000000000007f       0x80 /Applications/MCUXpressoIDE_10.1.0_589/ide/tools/bin/../lib/gcc/arm-none-eabi/6.3.1/../../../../arm-none-eabi/lib/thumb/v7e-m/fpv4-sp/hard/libcr_c.a(_deferredlazyseek.o)
 .comment       0x000000000000007f       0x80 /Applications/MCUXpressoIDE_10.1.0_589/ide/tools/bin/../lib/gcc/arm-none-eabi/6.3.1/../../../../arm-none-eabi/lib/thumb/v7e-m/fpv4-sp/hard/libcr_c.a(_fflush.o)
 .comment       0x000000000000007f       0x80 /Applications/MCUXpressoIDE_10.1.0_589/ide/tools/bin/../lib/gcc/arm-none-eabi/6.3.1/../../../../arm-none-eabi/lib/thumb/v7e-m/fpv4-sp/hard/libcr_c.a(_writebuf.o)
 .comment       0x000000000000007f       0x80 /Applications/MCUXpressoIDE_10.1.0_589/ide/tools/bin/../lib/gcc/arm-none-eabi/6.3.1/../../../../arm-none-eabi/lib/thumb/v7e-m/fpv4-sp/hard/libcr_c.a(alloc.o)
 .comment       0x000000000000007f       0x80 /Applications/MCUXpressoIDE_10.1.0_589/ide/tools/bin/../lib/gcc/arm-none-eabi/6.3.1/../../../../arm-none-eabi/lib/thumb/v7e-m/fpv4-sp/hard/libcr_c.a(fputs.o)
 .comment       0x000000000000007f       0x80 /Applications/MCUXpressoIDE_10.1.0_589/ide/tools/bin/../lib/gcc/arm-none-eabi/6.3.1/../../../../arm-none-eabi/lib/thumb/v7e-m/fpv4-sp/hard/libcr_c.a(fseek.o)
 .comment       0x000000000000007f       0x80 /Applications/MCUXpressoIDE_10.1.0_589/ide/tools/bin/../lib/gcc/arm-none-eabi/6.3.1/../../../../arm-none-eabi/lib/thumb/v7e-m/fpv4-sp/hard/libcr_c.a(ftell.o)
 .comment       0x000000000000007f       0x80 /Applications/MCUXpressoIDE_10.1.0_589/ide/tools/bin/../lib/gcc/arm-none-eabi/6.3.1/../../../../arm-none-eabi/lib/thumb/v7e-m/fpv4-sp/hard/libcr_c.a(initio.o)
 .comment       0x000000000000007f       0x80 /Applications/MCUXpressoIDE_10.1.0_589/ide/tools/bin/../lib/gcc/arm-none-eabi/6.3.1/../../../../arm-none-eabi/lib/thumb/v7e-m/fpv4-sp/hard/libcr_c.a(setvbuf.o)
 .comment       0x000000000000007f       0x80 /Applications/MCUXpressoIDE_10.1.0_589/ide/tools/bin/../lib/gcc/arm-none-eabi/6.3.1/../../../../arm-none-eabi/lib/thumb/v7e-m/fpv4-sp/hard/libcr_c.a(stdlib.o)
 .comment       0x000000000000007f       0x80 /Applications/MCUXpressoIDE_10.1.0_589/ide/tools/bin/../lib/gcc/arm-none-eabi/6.3.1/../../../../arm-none-eabi/lib/thumb/v7e-m/fpv4-sp/hard/libcr_c.a(strcmp.o)
 .comment       0x000000000000007f       0x80 /Applications/MCUXpressoIDE_10.1.0_589/ide/tools/bin/../lib/gcc/arm-none-eabi/6.3.1/../../../../arm-none-eabi/lib/thumb/v7e-m/fpv4-sp/hard/libcr_c.a(strcpy.o)
 .comment       0x000000000000007f       0x80 /Applications/MCUXpressoIDE_10.1.0_589/ide/tools/bin/../lib/gcc/arm-none-eabi/6.3.1/../../../../arm-none-eabi/lib/thumb/v7e-m/fpv4-sp/hard/libcr_c.a(strlen.o)
 .comment       0x000000000000007f       0x80 /Applications/MCUXpressoIDE_10.1.0_589/ide/tools/bin/../lib/gcc/arm-none-eabi/6.3.1/../../../../arm-none-eabi/lib/thumb/v7e-m/fpv4-sp/hard/libcr_c.a(__init_alloc.o)
 .comment       0x000000000000007f       0x80 /Applications/MCUXpressoIDE_10.1.0_589/ide/tools/bin/../lib/gcc/arm-none-eabi/6.3.1/../../../../arm-none-eabi/lib/thumb/v7e-m/fpv4-sp/hard/libcr_c.a(_cr_sbrk.o)
 .comment       0x000000000000007f       0x80 /Applications/MCUXpressoIDE_10.1.0_589/ide/tools/bin/../lib/gcc/arm-none-eabi/6.3.1/../../../../arm-none-eabi/lib/thumb/v7e-m/fpv4-sp/hard/libcr_c.a(_fdopen.o)
 .comment       0x000000000000007f       0x80 /Applications/MCUXpressoIDE_10.1.0_589/ide/tools/bin/../lib/gcc/arm-none-eabi/6.3.1/../../../../arm-none-eabi/lib/thumb/v7e-m/fpv4-sp/hard/libcr_c.a(errno.o)
 .comment       0x000000000000007f       0x80 /Applications/MCUXpressoIDE_10.1.0_589/ide/tools/bin/../lib/gcc/arm-none-eabi/6.3.1/../../../../arm-none-eabi/lib/thumb/v7e-m/fpv4-sp/hard/libcr_c.a(fclose.o)
 .comment       0x000000000000007f       0x80 /Applications/MCUXpressoIDE_10.1.0_589/ide/tools/bin/../lib/gcc/arm-none-eabi/6.3.1/../../../../arm-none-eabi/lib/thumb/v7e-m/fpv4-sp/hard/libcr_c.a(fflush.o)
 .comment       0x000000000000007f       0x80 /Applications/MCUXpressoIDE_10.1.0_589/ide/tools/bin/../lib/gcc/arm-none-eabi/6.3.1/../../../../arm-none-eabi/lib/thumb/v7e-m/fpv4-sp/hard/libcr_c.a(remove.o)
 .comment       0x000000000000007f       0x80 /Applications/MCUXpressoIDE_10.1.0_589/ide/tools/bin/../lib/gcc/arm-none-eabi/6.3.1/../../../../arm-none-eabi/lib/thumb/v7e-m/fpv4-sp/hard/libcr_c.a(_cr_check_heap.o)
 .comment       0x000000000000007f       0x80 /Applications/MCUXpressoIDE_10.1.0_589/ide/tools/bin/../lib/gcc/arm-none-eabi/6.3.1/../../../../arm-none-eabi/lib/thumb/v7e-m/fpv4-sp/hard/libcr_c.a(_do_fflush.o)

.ARM.attributes
                0x0000000000000000       0x37
 .ARM.attributes
                0x0000000000000000       0x39 ./startup/startup_mk64f12.o
 .ARM.attributes
                0x0000000000000039       0x39 ./source/telemetry/telemetry.o
 .ARM.attributes
                0x0000000000000072       0x39 ./source/telemetry/telemetry_uart.o
 .ARM.attributes
                0x00000000000000ab       0x39 ./source/main.o
 .ARM.attributes
                0x00000000000000e4       0x39 ./source/semihost_hardfault.o
 .ARM.attributes
                0x000000000000011d       0x39 ./drivers/fsl_clock.o
 .ARM.attributes
                0x0000000000000156       0x39 ./drivers/fsl_uart.o
 .ARM.attributes
                0x000000000000018f       0x39 ./CMSIS/system_MK64F12.o
 .ARM.attributes
                0x00000000000001c8       0x39 /Applications/MCUXpressoIDE_10.1.0_589/ide/tools/bin/../lib/gcc/arm-none-eabi/6.3.1/../../../../arm-none-eabi/lib/thumb/v7e-m/fpv4-sp/hard/libcr_semihost_nf.a(_cr__main.o)
 .ARM.attributes
                0x0000000000000201       0x39 /Applications/MCUXpressoIDE_10.1.0_589/ide/tools/bin/../lib/gcc/arm-none-eabi/6.3.1/../../../../arm-none-eabi/lib/thumb/v7e-m/fpv4-sp/hard/libcr_semihost_nf.a(_cr_assert.o)
 .ARM.attributes
                0x000000000000023a       0x39 /Applications/MCUXpressoIDE_10.1.0_589/ide/tools/bin/../lib/gcc/arm-none-eabi/6.3.1/../../../../arm-none-eabi/lib/thumb/v7e-m/fpv4-sp/hard/libcr_semihost_nf.a(__ciob.o)
 .ARM.attributes
                0x0000000000000273       0x25 /Applications/MCUXpressoIDE_10.1.0_589/ide/tools/bin/../lib/gcc/arm-none-eabi/6.3.1/../../../../arm-none-eabi/lib/thumb/v7e-m/fpv4-sp/hard/libcr_semihost_nf.a(__sys_appexit.o)
 .ARM.attributes
                0x0000000000000298       0x39 /Applications/MCUXpressoIDE_10.1.0_589/ide/tools/bin/../lib/gcc/arm-none-eabi/6.3.1/../../../../arm-none-eabi/lib/thumb/v7e-m/fpv4-sp/hard/libcr_c.a(memset.o)
 .ARM.attributes
                0x00000000000002d1       0x39 /Applications/MCUXpressoIDE_10.1.0_589/ide/tools/bin/../lib/gcc/arm-none-eabi/6.3.1/../../../../arm-none-eabi/lib/thumb/v7e-m/fpv4-sp/hard/libcr_c.a(_deferredlazyseek.o)
 .ARM.attributes
                0x000000000000030a       0x39 /Applications/MCUXpressoIDE_10.1.0_589/ide/tools/bin/../lib/gcc/arm-none-eabi/6.3.1/../../../../arm-none-eabi/lib/thumb/v7e-m/fpv4-sp/hard/libcr_c.a(_fflush.o)
 .ARM.attributes
                0x0000000000000343       0x39 /Applications/MCUXpressoIDE_10.1.0_589/ide/tools/bin/../lib/gcc/arm-none-eabi/6.3.1/../../../../arm-none-eabi/lib/thumb/v7e-m/fpv4-sp/hard/libcr_c.a(_writebuf.o)
 .ARM.attributes
                0x000000000000037c       0x39 /Applications/MCUXpressoIDE_10.1.0_589/ide/tools/bin/../lib/gcc/arm-none-eabi/6.3.1/../../../../arm-none-eabi/lib/thumb/v7e-m/fpv4-sp/hard/libcr_c.a(alloc.o)
 .ARM.attributes
                0x00000000000003b5       0x39 /Applications/MCUXpressoIDE_10.1.0_589/ide/tools/bin/../lib/gcc/arm-none-eabi/6.3.1/../../../../arm-none-eabi/lib/thumb/v7e-m/fpv4-sp/hard/libcr_c.a(fputs.o)
 .ARM.attributes
                0x00000000000003ee       0x39 /Applications/MCUXpressoIDE_10.1.0_589/ide/tools/bin/../lib/gcc/arm-none-eabi/6.3.1/../../../../arm-none-eabi/lib/thumb/v7e-m/fpv4-sp/hard/libcr_c.a(fseek.o)
 .ARM.attributes
                0x0000000000000427       0x39 /Applications/MCUXpressoIDE_10.1.0_589/ide/tools/bin/../lib/gcc/arm-none-eabi/6.3.1/../../../../arm-none-eabi/lib/thumb/v7e-m/fpv4-sp/hard/libcr_c.a(ftell.o)
 .ARM.attributes
                0x0000000000000460       0x39 /Applications/MCUXpressoIDE_10.1.0_589/ide/tools/bin/../lib/gcc/arm-none-eabi/6.3.1/../../../../arm-none-eabi/lib/thumb/v7e-m/fpv4-sp/hard/libcr_c.a(initio.o)
 .ARM.attributes
                0x0000000000000499       0x39 /Applications/MCUXpressoIDE_10.1.0_589/ide/tools/bin/../lib/gcc/arm-none-eabi/6.3.1/../../../../arm-none-eabi/lib/thumb/v7e-m/fpv4-sp/hard/libcr_c.a(setvbuf.o)
 .ARM.attributes
                0x00000000000004d2       0x39 /Applications/MCUXpressoIDE_10.1.0_589/ide/tools/bin/../lib/gcc/arm-none-eabi/6.3.1/../../../../arm-none-eabi/lib/thumb/v7e-m/fpv4-sp/hard/libcr_c.a(stdlib.o)
 .ARM.attributes
                0x000000000000050b       0x39 /Applications/MCUXpressoIDE_10.1.0_589/ide/tools/bin/../lib/gcc/arm-none-eabi/6.3.1/../../../../arm-none-eabi/lib/thumb/v7e-m/fpv4-sp/hard/libcr_c.a(strcmp.o)
 .ARM.attributes
                0x0000000000000544       0x39 /Applications/MCUXpressoIDE_10.1.0_589/ide/tools/bin/../lib/gcc/arm-none-eabi/6.3.1/../../../../arm-none-eabi/lib/thumb/v7e-m/fpv4-sp/hard/libcr_c.a(strcpy.o)
 .ARM.attributes
                0x000000000000057d       0x39 /Applications/MCUXpressoIDE_10.1.0_589/ide/tools/bin/../lib/gcc/arm-none-eabi/6.3.1/../../../../arm-none-eabi/lib/thumb/v7e-m/fpv4-sp/hard/libcr_c.a(strlen.o)
 .ARM.attributes
                0x00000000000005b6       0x39 /Applications/MCUXpressoIDE_10.1.0_589/ide/tools/bin/../lib/gcc/arm-none-eabi/6.3.1/../../../../arm-none-eabi/lib/thumb/v7e-m/fpv4-sp/hard/libcr_c.a(__init_alloc.o)
 .ARM.attributes
                0x00000000000005ef       0x39 /Applications/MCUXpressoIDE_10.1.0_589/ide/tools/bin/../lib/gcc/arm-none-eabi/6.3.1/../../../../arm-none-eabi/lib/thumb/v7e-m/fpv4-sp/hard/libcr_c.a(_cr_sbrk.o)
 .ARM.attributes
                0x0000000000000628       0x39 /Applications/MCUXpressoIDE_10.1.0_589/ide/tools/bin/../lib/gcc/arm-none-eabi/6.3.1/../../../../arm-none-eabi/lib/thumb/v7e-m/fpv4-sp/hard/libcr_c.a(_fdopen.o)
 .ARM.attributes
                0x0000000000000661       0x39 /Applications/MCUXpressoIDE_10.1.0_589/ide/tools/bin/../lib/gcc/arm-none-eabi/6.3.1/../../../../arm-none-eabi/lib/thumb/v7e-m/fpv4-sp/hard/libcr_c.a(errno.o)
 .ARM.attributes
                0x000000000000069a       0x39 /Applications/MCUXpressoIDE_10.1.0_589/ide/tools/bin/../lib/gcc/arm-none-eabi/6.3.1/../../../../arm-none-eabi/lib/thumb/v7e-m/fpv4-sp/hard/libcr_c.a(fclose.o)
 .ARM.attributes
                0x00000000000006d3       0x39 /Applications/MCUXpressoIDE_10.1.0_589/ide/tools/bin/../lib/gcc/arm-none-eabi/6.3.1/../../../../arm-none-eabi/lib/thumb/v7e-m/fpv4-sp/hard/libcr_c.a(fflush.o)
 .ARM.attributes
                0x000000000000070c       0x39 /Applications/MCUXpressoIDE_10.1.0_589/ide/tools/bin/../lib/gcc/arm-none-eabi/6.3.1/../../../../arm-none-eabi/lib/thumb/v7e-m/fpv4-sp/hard/libcr_c.a(remove.o)
 .ARM.attributes
                0x0000000000000745       0x39 /Applications/MCUXpressoIDE_10.1.0_589/ide/tools/bin/../lib/gcc/arm-none-eabi/6.3.1/../../../../arm-none-eabi/lib/thumb/v7e-m/fpv4-sp/hard/libcr_c.a(_cr_check_heap.o)
 .ARM.attributes
                0x000000000000077e       0x39 /Applications/MCUXpressoIDE_10.1.0_589/ide/tools/bin/../lib/gcc/arm-none-eabi/6.3.1/../../../../arm-none-eabi/lib/thumb/v7e-m/fpv4-sp/hard/libcr_c.a(_do_fflush.o)
 .ARM.attributes
                0x00000000000007b7       0x25 /Applications/MCUXpressoIDE_10.1.0_589/ide/tools/bin/../lib/gcc/arm-none-eabi/6.3.1/thumb/v7e-m/fpv4-sp/hard/libcr_eabihelpers.a(memcpy.o)
 .ARM.attributes
                0x00000000000007dc       0x25 /Applications/MCUXpressoIDE_10.1.0_589/ide/tools/bin/../lib/gcc/arm-none-eabi/6.3.1/../../../../arm-none-eabi/lib/thumb/v7e-m/fpv4-sp/hard/libcr_semihost_nf.a(__sys_close.o)
 .ARM.attributes
                0x0000000000000801       0x25 /Applications/MCUXpressoIDE_10.1.0_589/ide/tools/bin/../lib/gcc/arm-none-eabi/6.3.1/../../../../arm-none-eabi/lib/thumb/v7e-m/fpv4-sp/hard/libcr_semihost_nf.a(__sys_flen.o)
 .ARM.attributes
                0x0000000000000826       0x25 /Applications/MCUXpressoIDE_10.1.0_589/ide/tools/bin/../lib/gcc/arm-none-eabi/6.3.1/../../../../arm-none-eabi/lib/thumb/v7e-m/fpv4-sp/hard/libcr_semihost_nf.a(__sys_istty.o)
 .ARM.attributes
                0x000000000000084b       0x25 /Applications/MCUXpressoIDE_10.1.0_589/ide/tools/bin/../lib/gcc/arm-none-eabi/6.3.1/../../../../arm-none-eabi/lib/thumb/v7e-m/fpv4-sp/hard/libcr_semihost_nf.a(__sys_remove.o)
 .ARM.attributes
                0x0000000000000870       0x25 /Applications/MCUXpressoIDE_10.1.0_589/ide/tools/bin/../lib/gcc/arm-none-eabi/6.3.1/../../../../arm-none-eabi/lib/thumb/v7e-m/fpv4-sp/hard/libcr_semihost_nf.a(__sys_seek.o)
 .ARM.attributes
                0x0000000000000895       0x25 /Applications/MCUXpressoIDE_10.1.0_589/ide/tools/bin/../lib/gcc/arm-none-eabi/6.3.1/../../../../arm-none-eabi/lib/thumb/v7e-m/fpv4-sp/hard/libcr_semihost_nf.a(__sys_tmpnam.o)
 .ARM.attributes
                0x00000000000008ba       0x25 /Applications/MCUXpressoIDE_10.1.0_589/ide/tools/bin/../lib/gcc/arm-none-eabi/6.3.1/../../../../arm-none-eabi/lib/thumb/v7e-m/fpv4-sp/hard/libcr_semihost_nf.a(__sys_write.o)

.debug_frame    0x0000000000000000     0x1a28
 .debug_frame   0x0000000000000000      0x904 ./startup/startup_mk64f12.o
 .debug_frame   0x0000000000000904      0x168 ./source/telemetry/telemetry.o
 .debug_frame   0x0000000000000a6c       0xa0 ./source/telemetry/telemetry_uart.o
 .debug_frame   0x0000000000000b0c       0x98 ./source/main.o
 .debug_frame   0x0000000000000ba4       0x20 ./source/semihost_hardfault.o
 .debug_frame   0x0000000000000bc4      0x820 ./drivers/fsl_clock.o
 .debug_frame   0x00000000000013e4      0x5ec ./drivers/fsl_uart.o
 .debug_frame   0x00000000000019d0       0x58 ./CMSIS/system_MK64F12.o
